
Discarded input sections

 .data          0x0000000000000000        0x0 arch/arm/cpu/armv8/start.o
 .bss           0x0000000000000000        0x0 arch/arm/cpu/armv8/start.o
 .text.sdelay   0x0000000000000000        0xc arch/arm/cpu/armv8/built-in.o
 .text.timer_read_counter
                0x0000000000000000        0xc arch/arm/cpu/armv8/built-in.o
 .text.usec2ticks
                0x0000000000000000       0x44 arch/arm/cpu/armv8/built-in.o
 .text.arch_get_page_table
                0x0000000000000000       0x20 arch/arm/cpu/armv8/built-in.o
 .text.mmu_set_region_dcache_behaviour
                0x0000000000000000      0x118 arch/arm/cpu/armv8/built-in.o
 .text.psci_update_dt
                0x0000000000000000        0x8 arch/arm/cpu/armv8/built-in.o
 .text.sscg_pll_init
                0x0000000000000000       0xf8 arch/arm/cpu/armv8/built-in.o
 .text.mxs_set_lcdclk
                0x0000000000000000       0x24 arch/arm/cpu/armv8/built-in.o
 .text.dram_pll_init
                0x0000000000000000      0x134 arch/arm/cpu/armv8/built-in.o
 .text.clock_root_cfg
                0x0000000000000000      0x120 arch/arm/cpu/armv8/built-in.o
 .text.enable_tzc380
                0x0000000000000000       0x2c arch/arm/cpu/armv8/built-in.o
 .text.board_mmc_get_env_dev
                0x0000000000000000        0x8 arch/arm/cpu/armv8/built-in.o
 .rodata.arch_get_page_table.str1.1
                0x0000000000000000       0x1e arch/arm/cpu/armv8/built-in.o
 .rodata.mmu_set_region_dcache_behaviour.str1.1
                0x0000000000000000       0x4e arch/arm/cpu/armv8/built-in.o
 .rodata.clock_root_cfg.str1.1
                0x0000000000000000       0x21 arch/arm/cpu/armv8/built-in.o
 .data          0x0000000000000000        0x0 arch/arm/cpu/armv8/built-in.o
 .bss           0x0000000000000000        0x0 arch/arm/cpu/armv8/built-in.o
 .text          0x0000000000000000        0x0 arch/arm/imx-common/built-in.o
 .text.imx_iomux_set_gpr_register
                0x0000000000000000       0x4c arch/arm/imx-common/built-in.o
 .text.__arch_auxiliary_core_up
                0x0000000000000000        0x8 arch/arm/imx-common/built-in.o
 .text.__arch_auxiliary_core_check_up
                0x0000000000000000        0x8 arch/arm/imx-common/built-in.o
 .text.force_idle_bus
                0x0000000000000000      0x1d8 arch/arm/imx-common/built-in.o
 .text.setup_i2c
                0x0000000000000000       0xc8 arch/arm/imx-common/built-in.o
 .text.get_imx_reset_cause
                0x0000000000000000        0xc arch/arm/imx-common/built-in.o
 .text.cpu_eth_init
                0x0000000000000000        0x4 arch/arm/imx-common/built-in.o
 .text.cpu_mmc_init
                0x0000000000000000        0x4 arch/arm/imx-common/built-in.o
 .text.mxs_wait_mask_set
                0x0000000000000000       0x58 arch/arm/imx-common/built-in.o
 .text.mxs_wait_mask_clr
                0x0000000000000000       0x58 arch/arm/imx-common/built-in.o
 .text.mxs_reset_block
                0x0000000000000000       0xbc arch/arm/imx-common/built-in.o
 .rodata.__func__.6323
                0x0000000000000000        0xf arch/arm/imx-common/built-in.o
 .rodata.force_idle_bus.str1.1
                0x0000000000000000       0x53 arch/arm/imx-common/built-in.o
 .rodata.setup_i2c.str1.1
                0x0000000000000000       0x18 arch/arm/imx-common/built-in.o
 .data          0x0000000000000000        0x0 arch/arm/imx-common/built-in.o
 .bss           0x0000000000000000        0x0 arch/arm/imx-common/built-in.o
 .text.setup_board_tags
                0x0000000000000000        0x4 arch/arm/lib/built-in.o
 .text.armv7_boot_nonsec_default
                0x0000000000000000        0x8 arch/arm/lib/built-in.o
 .text.enable_caches
                0x0000000000000000        0xc arch/arm/lib/built-in.o
 .text.invalidate_dcache_range
                0x0000000000000000        0x4 arch/arm/lib/built-in.o
 .text.flush_dcache_range
                0x0000000000000000        0x4 arch/arm/lib/built-in.o
 .text.flush_dcache_all
                0x0000000000000000        0xc arch/arm/lib/built-in.o
 .text.check_cache_range
                0x0000000000000000       0x40 arch/arm/lib/built-in.o
 .text.fdt_psci
                0x0000000000000000        0x8 arch/arm/lib/built-in.o
 .rodata.check_cache_range.str1.1
                0x0000000000000000       0x35 arch/arm/lib/built-in.o
 .rodata.enable_caches.str1.1
                0x0000000000000000       0x1d arch/arm/lib/built-in.o
 .data          0x0000000000000000        0x0 arch/arm/lib/built-in.o
 .__efi_runtime_rel_start
                0x0000000000000000        0x0 arch/arm/lib/built-in.o
 .__efi_runtime_rel_stop
                0x0000000000000000        0x0 arch/arm/lib/built-in.o
 .__efi_runtime_start
                0x0000000000000000        0x0 arch/arm/lib/built-in.o
 .__efi_runtime_stop
                0x0000000000000000        0x0 arch/arm/lib/built-in.o
 .__end         0x0000000000000000        0x0 arch/arm/lib/built-in.o
[...]
Memory Configuration

Name             Origin             Length             Attributes
*default*        0x0000000000000000 0xffffffffffffffff

Linker script and memory map

Address of section .text set to 0x40200000
                0x0000000000000000                . = 0x0
                0x0000000000000000                . = ALIGN (0x8)

.text           0x0000000040200000    0x5ecd8
 *(.__image_copy_start)
 .__image_copy_start
                0x0000000040200000        0x0 arch/arm/lib/built-in.o
                0x0000000040200000                __image_copy_start
 arch/arm/cpu/armv8/start.o(.text*)
 .text          0x0000000040200000       0xfc arch/arm/cpu/armv8/start.o
                0x0000000040200000                _start
                0x0000000040200008                _TEXT_BASE
                0x0000000040200010                _end_ofs
                0x0000000040200018                _bss_start_ofs
                0x0000000040200020                _bss_end_ofs
                0x000000004020002c                save_boot_params_ret
                0x000000004020008c                apply_core_errata
                0x00000000402000b0                lowlevel_init
                0x00000000402000bc                smp_kick_all_cpus
                0x00000000402000c0                c_runtime_cpu_setup
 *(.text*)
 *fill*         0x00000000402000fc      0x704 
 .text          0x0000000040200800      0xe98 arch/arm/cpu/armv8/built-in.o
                0x0000000040200800                vectors
                0x0000000040201038                __asm_dcache_level
                0x000000004020109c                __asm_dcache_all
                0x00000000402010fc                __asm_flush_dcache_all
                0x0000000040201104                __asm_invalidate_dcache_all
                0x000000004020110c                __asm_flush_dcache_range
                0x0000000040201140                __asm_invalidate_icache_all
                0x000000004020114c                __asm_invalidate_l3_dcache
                0x0000000040201154                __asm_flush_l3_dcache
                0x000000004020115c                __asm_invalidate_l3_icache
                0x0000000040201164                __asm_switch_ttbr
                0x0000000040201244                __asm_invalidate_tlb_all
                0x0000000040201290                armv8_switch_to_el2
                0x000000004020131c                armv8_switch_to_el1
                0x00000000402013c0                armv8_el2_to_aarch32
                0x0000000040201500                rom_pointer
                0x0000000040201600                save_boot_params
                0x000000004020164c                restore_boot_params
 .text.cleanup_before_linux
                0x0000000040201698       0x28 arch/arm/cpu/armv8/built-in.o
                0x0000000040201698                cleanup_before_linux
 .text.get_tbclk
                0x00000000402016c0        0x8 arch/arm/cpu/armv8/built-in.o
                0x00000000402016c0                get_tbclk
 .text.get_ticks
                0x00000000402016c8       0x10 arch/arm/cpu/armv8/built-in.o
                0x00000000402016c8                get_ticks
 .text.count_required_pts
                0x00000000402016d8       0xf8 arch/arm/cpu/armv8/built-in.o
 .text.create_table
                0x00000000402017d0       0x70 arch/arm/cpu/armv8/built-in.o
 .text.split_block
                0x0000000040201840       0x9c arch/arm/cpu/armv8/built-in.o
 .text.get_tcr  0x00000000402018dc       0xe4 arch/arm/cpu/armv8/built-in.o
                0x00000000402018dc                get_tcr
 .text.find_pte
                0x00000000402019c0       0x9c arch/arm/cpu/armv8/built-in.o
 .text.get_page_table_size
                0x0000000040201a5c       0x48 arch/arm/cpu/armv8/built-in.o
                0x0000000040201a5c                get_page_table_size
 .text.setup_pgtables
                0x0000000040201aa4      0x178 arch/arm/cpu/armv8/built-in.o
                0x0000000040201aa4                setup_pgtables
 .text.mmu_setup
                0x0000000040201c1c      0x13c arch/arm/cpu/armv8/built-in.o
                0x0000000040201c1c                mmu_setup
 .text.invalidate_dcache_all
                0x0000000040201d58       0x14 arch/arm/cpu/armv8/built-in.o
                0x0000000040201d58                invalidate_dcache_all
 .text.flush_dcache_all
                0x0000000040201d6c       0x14 arch/arm/cpu/armv8/built-in.o
                0x0000000040201d6c                flush_dcache_all
 .text.invalidate_dcache_range
                0x0000000040201d80        0x4 arch/arm/cpu/armv8/built-in.o
                0x0000000040201d80                invalidate_dcache_range
 .text.flush_dcache_range
                0x0000000040201d84        0x4 arch/arm/cpu/armv8/built-in.o
                0x0000000040201d84                flush_dcache_range
 .text.dcache_enable
                0x0000000040201d88      0x110 arch/arm/cpu/armv8/built-in.o
                0x0000000040201d88                dcache_enable
 .text.dcache_disable
                0x0000000040201e98       0x84 arch/arm/cpu/armv8/built-in.o
                0x0000000040201e98                dcache_disable
 .text.dcache_status
                0x0000000040201f1c       0x34 arch/arm/cpu/armv8/built-in.o
                0x0000000040201f1c                dcache_status
 .text.icache_disable
                0x0000000040201f50       0x64 arch/arm/cpu/armv8/built-in.o
                0x0000000040201f50                icache_disable
 .text.icache_status
                0x0000000040201fb4       0x34 arch/arm/cpu/armv8/built-in.o
                0x0000000040201fb4                icache_status
 .text.invalidate_icache_all
                0x0000000040201fe8       0x14 arch/arm/cpu/armv8/built-in.o
                0x0000000040201fe8                invalidate_icache_all
 .text.icache_enable
                0x0000000040201ffc       0x74 arch/arm/cpu/armv8/built-in.o
                0x0000000040201ffc                icache_enable
 .text.enable_caches
                0x0000000040202070       0x14 arch/arm/cpu/armv8/built-in.o
                0x0000000040202070                enable_caches
 .text.enable_ocotp_clk
                0x0000000040202084       0x10 arch/arm/cpu/armv8/built-in.o
                0x0000000040202084                enable_ocotp_clk
 .text.enable_i2c_clk
                0x0000000040202094       0x3c arch/arm/cpu/armv8/built-in.o
                0x0000000040202094                enable_i2c_clk
 .text.decode_frac_pll
                0x00000000402020d0       0xdc arch/arm/cpu/armv8/built-in.o
                0x00000000402020d0                decode_frac_pll
 .text.decode_sscg_pll
                0x00000000402021ac      0x238 arch/arm/cpu/armv8/built-in.o
                0x00000000402021ac                decode_sscg_pll
 .text.get_root_src_clk
                0x00000000402023e4       0x50 arch/arm/cpu/armv8/built-in.o
                0x00000000402023e4                get_root_src_clk
 .text.get_root_clk
                0x0000000040202434       0x80 arch/arm/cpu/armv8/built-in.o
                0x0000000040202434                get_root_clk
 .text.do_mscale_showclocks
                0x00000000402024b4      0x24c arch/arm/cpu/armv8/built-in.o
                0x00000000402024b4                do_mscale_showclocks
 .text.mxc_get_clock
                0x0000000040202700       0x5c arch/arm/cpu/armv8/built-in.o
                0x0000000040202700                mxc_get_clock
 .text.imx_get_uartclk
                0x000000004020275c        0x8 arch/arm/cpu/armv8/built-in.o
                0x000000004020275c                imx_get_uartclk
 .text.frac_pll_init
                0x0000000040202764       0x8c arch/arm/cpu/armv8/built-in.o
                0x0000000040202764                frac_pll_init
 .text.clock_init
                0x00000000402027f0      0x2c4 arch/arm/cpu/armv8/built-in.o
                0x00000000402027f0                clock_init
 .text.set_clk_qspi
                0x0000000040202ab4       0x2c arch/arm/cpu/armv8/built-in.o
                0x0000000040202ab4                set_clk_qspi
 .text.set_clk_enet
                0x0000000040202ae0       0xa8 arch/arm/cpu/armv8/built-in.o
                0x0000000040202ae0                set_clk_enet
 .text.imx_get_fecclk
                0x0000000040202b88        0x8 arch/arm/cpu/armv8/built-in.o
                0x0000000040202b88                imx_get_fecclk
 .text.select   0x0000000040202b90       0x3c arch/arm/cpu/armv8/built-in.o
 .text.get_clk_root_target
                0x0000000040202bcc       0x80 arch/arm/cpu/armv8/built-in.o
 .text.clock_get_target_val
                0x0000000040202c4c       0x68 arch/arm/cpu/armv8/built-in.o
                0x0000000040202c4c                clock_get_target_val
 .text.clock_set_target_val
                0x0000000040202cb4       0x64 arch/arm/cpu/armv8/built-in.o
                0x0000000040202cb4                clock_set_target_val
 .text.clock_root_enabled
                0x0000000040202d18       0x74 arch/arm/cpu/armv8/built-in.o
                0x0000000040202d18                clock_root_enabled
 .text.clock_enable
                0x0000000040202d8c       0x4c arch/arm/cpu/armv8/built-in.o
                0x0000000040202d8c                clock_enable
 .text.clock_get_prediv
                0x0000000040202dd8       0x84 arch/arm/cpu/armv8/built-in.o
                0x0000000040202dd8                clock_get_prediv
 .text.clock_get_postdiv
                0x0000000040202e5c       0xa4 arch/arm/cpu/armv8/built-in.o
                0x0000000040202e5c                clock_get_postdiv
 .text.clock_get_src
                0x0000000040202f00       0x70 arch/arm/cpu/armv8/built-in.o
                0x0000000040202f00                clock_get_src
 .text.get_cpu_speed_grade_hz
                0x0000000040202f70       0x20 arch/arm/cpu/armv8/built-in.o
                0x0000000040202f70                get_cpu_speed_grade_hz
 .text.get_cpu_temp_grade
                0x0000000040202f90       0x70 arch/arm/cpu/armv8/built-in.o
                0x0000000040202f90                get_cpu_temp_grade
 .text.timer_init
                0x0000000040203000       0x10 arch/arm/cpu/armv8/built-in.o
                0x0000000040203000                timer_init
 .text.set_wdog_reset
                0x0000000040203010       0x28 arch/arm/cpu/armv8/built-in.o
                0x0000000040203010                set_wdog_reset
 .text.get_cpu_rev
                0x0000000040203038       0x58 arch/arm/cpu/armv8/built-in.o
                0x0000000040203038                get_cpu_rev
 .text.imx_set_wdog_powerdown
                0x0000000040203090       0x2c arch/arm/cpu/armv8/built-in.o
                0x0000000040203090                imx_set_wdog_powerdown
 .text.arch_cpu_init
                0x00000000402030bc       0x24 arch/arm/cpu/armv8/built-in.o
                0x00000000402030bc                arch_cpu_init
 .text.imx_get_mac_from_fuse
                0x00000000402030e0       0x40 arch/arm/cpu/armv8/built-in.o
                0x00000000402030e0                imx_get_mac_from_fuse
 .text.arch_auxiliary_core_up
                0x0000000040203120       0x54 arch/arm/cpu/armv8/built-in.o
                0x0000000040203120                arch_auxiliary_core_up
 .text.arch_auxiliary_core_check_up
                0x0000000040203174       0x2c arch/arm/cpu/armv8/built-in.o
                0x0000000040203174                arch_auxiliary_core_check_up
 .text.get_boot_device
                0x00000000402031a0       0x94 arch/arm/cpu/armv8/built-in.o
                0x00000000402031a0                get_boot_device
 .text.is_usb_boot
                0x0000000040203234       0x1c arch/arm/cpu/armv8/built-in.o
                0x0000000040203234                is_usb_boot
 .text.mmc_get_env_dev
                0x0000000040203250       0x50 arch/arm/cpu/armv8/built-in.o
                0x0000000040203250                mmc_get_env_dev
 .text.ft_system_setup
                0x00000000402032a0      0x3e4 arch/arm/cpu/armv8/built-in.o
                0x00000000402032a0                ft_system_setup
 .text.reset_cpu
                0x0000000040203684       0x14 arch/arm/cpu/armv8/built-in.o
                0x0000000040203684                reset_cpu
 .text.arch_misc_init
                0x0000000040203698       0x60 arch/arm/cpu/armv8/built-in.o
                0x0000000040203698                arch_misc_init
 .text.imx8m_usb_power
                0x00000000402036f8       0x48 arch/arm/cpu/armv8/built-in.o
                0x00000000402036f8                imx8m_usb_power
 .text.imx8m_get_gmode
                0x0000000040203740        0xc arch/arm/cpu/armv8/built-in.o
                0x0000000040203740                imx8m_get_gmode
 .text.imx8m_show_gmode
                0x000000004020374c       0x68 arch/arm/cpu/armv8/built-in.o
                0x000000004020374c                imx8m_show_gmode
 .text.imx8m_get_gd
                0x00000000402037b4        0xc arch/arm/cpu/armv8/built-in.o
                0x00000000402037b4                imx8m_get_gd
 .text.imx8m_create_color_bar
                0x00000000402037c0       0x9c arch/arm/cpu/armv8/built-in.o
                0x00000000402037c0                imx8m_create_color_bar
 .text.imx8m_display_shutdown
                0x000000004020385c       0x38 arch/arm/cpu/armv8/built-in.o
                0x000000004020385c                imx8m_display_shutdown
 .text.video_hw_init
                0x0000000040203894      0x8f0 arch/arm/cpu/armv8/built-in.o
                0x0000000040203894                video_hw_init
 .text.imx8m_fb_disable
                0x0000000040204184       0x24 arch/arm/cpu/armv8/built-in.o
                0x0000000040204184                imx8m_fb_disable
 .text.imx8m_fb_init
                0x00000000402041a8       0xc4 arch/arm/cpu/armv8/built-in.o
                0x00000000402041a8                imx8m_fb_init
 .text.imx_iomux_v3_setup_pad
                0x000000004020426c       0xb0 arch/arm/imx-common/built-in.o
                0x000000004020426c                imx_iomux_v3_setup_pad
 .text.imx_iomux_v3_setup_multiple_pads
                0x000000004020431c       0x40 arch/arm/imx-common/built-in.o
                0x000000004020431c                imx_iomux_v3_setup_multiple_pads
 .text.do_bootaux
                0x000000004020435c       0xa8 arch/arm/imx-common/built-in.o
                0x000000004020435c                do_bootaux
 .text.board_video_skip
                0x0000000040204404      0x1c4 arch/arm/imx-common/built-in.o
                0x0000000040204404                board_video_skip
 .text.get_imx_type
                0x00000000402045c8       0x28 arch/arm/imx-common/built-in.o
                0x00000000402045c8                get_imx_type
 .text.print_cpuinfo
                0x00000000402045f0      0x254 arch/arm/imx-common/built-in.o
                0x00000000402045f0                print_cpuinfo
 .text.arch_preboot_os
                0x0000000040204844        0x4 arch/arm/imx-common/built-in.o
                0x0000000040204844                arch_preboot_os
 .text.call_imx_sip
                0x0000000040204848       0x28 arch/arm/imx-common/built-in.o
                0x0000000040204848                call_imx_sip
 .text          0x0000000040204870      0x1b4 arch/arm/lib/built-in.o
                0x0000000040204870                _main
                0x00000000402048f8                relocate_code
                0x00000000402049d0                ccn504_add_masters_to_dvm
                0x00000000402049ec                ccn504_set_qos
                0x0000000040204a00                ccn504_set_aux
                0x0000000040204a14                gic_init_secure
                0x0000000040204a18                gic_init_secure_percpu
                0x0000000040204a1c                gic_kick_secondary_cpus
                0x0000000040204a20                gic_wait_for_interrupt
 .text.arch_fixup_fdt
                0x0000000040204a24       0x30 arch/arm/lib/built-in.o
                0x0000000040204a24                arch_fixup_fdt
 .text.boot_prep_linux
                0x0000000040204a54       0x58 arch/arm/lib/built-in.o
 .text.arch_lmb_reserve
                0x0000000040204aac       0x24 arch/arm/lib/built-in.o
                0x0000000040204aac                arch_lmb_reserve
 .text.board_quiesce_devices
                0x0000000040204ad0        0x4 arch/arm/lib/built-in.o
                0x0000000040204ad0                board_quiesce_devices
 .text.update_os_arch_secondary_cores
                0x0000000040204ad4        0x4 arch/arm/lib/built-in.o
                0x0000000040204ad4                update_os_arch_secondary_cores
 .text.boot_jump_linux
                0x0000000040204ad8       0xc0 arch/arm/lib/built-in.o
 .text.do_bootm_linux
                0x0000000040204b98       0x74 arch/arm/lib/built-in.o
                0x0000000040204b98                do_bootm_linux
 .text.boot_prep_vxworks
                0x0000000040204c0c       0x50 arch/arm/lib/built-in.o
                0x0000000040204c0c                boot_prep_vxworks
 .text.boot_jump_vxworks
                0x0000000040204c5c        0xc arch/arm/lib/built-in.o
                0x0000000040204c5c                boot_jump_vxworks
 .text.arch_reserve_stacks
                0x0000000040204c68       0x10 arch/arm/lib/built-in.o
                0x0000000040204c68                arch_reserve_stacks
 .text.interrupt_init
                0x0000000040204c78        0x8 arch/arm/lib/built-in.o
                0x0000000040204c78                interrupt_init
 .text.enable_interrupts
                0x0000000040204c80        0x4 arch/arm/lib/built-in.o
                0x0000000040204c80                enable_interrupts
 .text.disable_interrupts
                0x0000000040204c84        0x8 arch/arm/lib/built-in.o
                0x0000000040204c84                disable_interrupts
 .text.show_regs
                0x0000000040204c8c       0xa8 arch/arm/lib/built-in.o
                0x0000000040204c8c                show_regs
 .text.do_bad_sync
                0x0000000040204d34       0x3c arch/arm/lib/built-in.o
                0x0000000040204d34                do_bad_sync
 .text.do_bad_irq
                0x0000000040204d70       0x3c arch/arm/lib/built-in.o
                0x0000000040204d70                do_bad_irq
 .text.do_bad_fiq
                0x0000000040204dac       0x3c arch/arm/lib/built-in.o
                0x0000000040204dac                do_bad_fiq
 .text.do_bad_error
                0x0000000040204de8       0x3c arch/arm/lib/built-in.o
                0x0000000040204de8                do_bad_error
 .text.do_sync  0x0000000040204e24       0x3c arch/arm/lib/built-in.o
                0x0000000040204e24                do_sync
 .text.do_irq   0x0000000040204e60       0x3c arch/arm/lib/built-in.o
                0x0000000040204e60                do_irq
 .text.do_fiq   0x0000000040204e9c       0x3c arch/arm/lib/built-in.o
                0x0000000040204e9c                do_fiq
 .text.do_error
                0x0000000040204ed8       0x3c arch/arm/lib/built-in.o
                0x0000000040204ed8                do_error
 .text.reset_misc
                0x0000000040204f14        0x4 arch/arm/lib/built-in.o
                0x0000000040204f14                reset_misc
 .text.do_reset
                0x0000000040204f18       0x38 arch/arm/lib/built-in.o
                0x0000000040204f18                do_reset
 .text.flush_cache
                0x0000000040204f50        0x8 arch/arm/lib/built-in.o
                0x0000000040204f50                flush_cache
 .text.mmc_map_to_kernel_blk
                0x0000000040204f58        0x4 board/freescale/common/built-in.o
                0x0000000040204f58                mmc_map_to_kernel_blk
 .text.board_late_mmc_env_init
                0x0000000040204f5c       0x9c board/freescale/common/built-in.o
                0x0000000040204f5c                board_late_mmc_env_init
 .text.tcpc_log
                0x0000000040204ff8       0x80 board/freescale/common/built-in.o
 .text.tcpc_set_cc_to_source
                0x0000000040205078       0x6c board/freescale/common/built-in.o
                0x0000000040205078                tcpc_set_cc_to_source
 .text.tcpc_set_cc_to_sink
                0x00000000402050e4       0x6c board/freescale/common/built-in.o
                0x00000000402050e4                tcpc_set_cc_to_sink
 .text.tcpc_set_plug_orientation
                0x0000000040205150       0xac board/freescale/common/built-in.o
                0x0000000040205150                tcpc_set_plug_orientation
 .text.tcpc_get_cc_status
                0x00000000402051fc      0x238 board/freescale/common/built-in.o
                0x00000000402051fc                tcpc_get_cc_status
 .text.tcpc_pd_sink_check_charging
                0x0000000040205434       0x7c board/freescale/common/built-in.o
 .text.tcpc_clear_alert
                0x00000000402054b0       0x64 board/freescale/common/built-in.o
                0x00000000402054b0                tcpc_clear_alert
 .text.tcpc_send_command
                0x0000000040205514       0x64 board/freescale/common/built-in.o
                0x0000000040205514                tcpc_send_command
 .text.tcpc_polling_reg
                0x0000000040205578       0xb0 board/freescale/common/built-in.o
                0x0000000040205578                tcpc_polling_reg
 .text.tcpc_print_log
                0x0000000040205628       0x48 board/freescale/common/built-in.o
                0x0000000040205628                tcpc_print_log
 .text.tcpc_setup_dfp_mode
                0x0000000040205670      0x14c board/freescale/common/built-in.o
                0x0000000040205670                tcpc_setup_dfp_mode
 .text.tcpc_disable_src_vbus
                0x00000000402057bc       0x40 board/freescale/common/built-in.o
                0x00000000402057bc                tcpc_disable_src_vbus
 .text.tcpc_setup_ufp_mode
                0x00000000402057fc      0x134 board/freescale/common/built-in.o
                0x00000000402057fc                tcpc_setup_ufp_mode
 .text.tcpc_init
                0x0000000040205930      0x9a8 board/freescale/common/built-in.o
                0x0000000040205930                tcpc_init
 .text.ss_mux_select
                0x00000000402062d8       0x18 board/freescale/imx8mq_evk/built-in.o
                0x00000000402062d8                ss_mux_select
 .text.board_qspi_init
                0x00000000402062f0       0x28 board/freescale/imx8mq_evk/built-in.o
                0x00000000402062f0                board_qspi_init
 .text.board_early_init_f
                0x0000000040206318       0x3c board/freescale/imx8mq_evk/built-in.o
                0x0000000040206318                board_early_init_f
 .text.board_postclk_init
                0x0000000040206354        0x8 board/freescale/imx8mq_evk/built-in.o
                0x0000000040206354                board_postclk_init
 .text.dram_init
                0x000000004020635c       0x28 board/freescale/imx8mq_evk/built-in.o
                0x000000004020635c                dram_init
 .text.ft_board_setup
                0x0000000040206384        0x8 board/freescale/imx8mq_evk/built-in.o
                0x0000000040206384                ft_board_setup
 .text.board_phy_config
                0x000000004020638c       0xa4 board/freescale/imx8mq_evk/built-in.o
                0x000000004020638c                board_phy_config
 .text.usb_gadget_handle_interrupts
                0x0000000040206430       0x1c board/freescale/imx8mq_evk/built-in.o
                0x0000000040206430                usb_gadget_handle_interrupts
 .text.board_usb_init
                0x000000004020644c      0x100 board/freescale/imx8mq_evk/built-in.o
                0x000000004020644c                board_usb_init
 .text.board_usb_cleanup
                0x000000004020654c       0x60 board/freescale/imx8mq_evk/built-in.o
                0x000000004020654c                board_usb_cleanup
 .text.board_init
                0x00000000402065ac       0xf0 board/freescale/imx8mq_evk/built-in.o
                0x00000000402065ac                board_init
 .text.board_mmc_get_env_dev
                0x000000004020669c        0x4 board/freescale/imx8mq_evk/built-in.o
                0x000000004020669c                board_mmc_get_env_dev
 .text.board_late_init
                0x00000000402066a0       0x18 board/freescale/imx8mq_evk/built-in.o
                0x00000000402066a0                board_late_init
 .text.do_go_exec
                0x00000000402066b8       0x10 cmd/built-in.o
                0x00000000402066b8                do_go_exec
 .text.do_go    0x00000000402066c8       0x88 cmd/built-in.o
 .text.do_bootm
                0x0000000040206750      0x108 cmd/built-in.o
                0x0000000040206750                do_bootm
 .text.do_bootd
                0x0000000040206858       0x2c cmd/built-in.o
                0x0000000040206858                do_bootd
 .text.image_info
                0x0000000040206884      0x128 cmd/built-in.o
 .text.do_iminfo
                0x00000000402069ac       0x74 cmd/built-in.o
 .text.bootm_maybe_autostart
                0x0000000040206a20       0x74 cmd/built-in.o
                0x0000000040206a20                bootm_maybe_autostart
 .text.do_help  0x0000000040206a94       0x3c cmd/built-in.o
 .text.do_version
                0x0000000040206ad0       0x40 cmd/built-in.o
 .text.source   0x0000000040206b10      0x1d0 cmd/built-in.o
                0x0000000040206b10                source
 .text.do_source
                0x0000000040206ce0       0x78 cmd/built-in.o
 .text.print_num
                0x0000000040206d58       0x14 cmd/built-in.o
 .text.do_bdinfo
                0x0000000040206d6c       0xfc cmd/built-in.o
 .text.bootefi_open_dp
                0x0000000040206e68       0x14 cmd/built-in.o
 .text.efi_run_in_el2
                0x0000000040206e7c       0x3c cmd/built-in.o
 .text.do_bootefi_exec
                0x0000000040206eb8      0x2d0 cmd/built-in.o
 .text.do_bootefi
                0x0000000040207188       0xa8 cmd/built-in.o
 .text.efi_set_bootdev
                0x0000000040207230      0x110 cmd/built-in.o
                0x0000000040207230                efi_set_bootdev
 .text.do_booti
                0x0000000040207340      0x160 cmd/built-in.o
                0x0000000040207340                do_booti
 .text.parse_argv
                0x00000000402074a0       0x68 cmd/built-in.o
 .text.do_icache
                0x0000000040207508       0x98 cmd/built-in.o
 .text.do_dcache
                0x00000000402075a0       0x98 cmd/built-in.o
 .text.do_coninfo
                0x0000000040207638       0xdc cmd/built-in.o
 .text.do_echo  0x0000000040207714       0xd8 cmd/built-in.o
 .text.load_elf_image_shdr
                0x00000000402077ec       0xa0 cmd/built-in.o
 .text.valid_elf_image
                0x000000004020788c       0x58 cmd/built-in.o
                0x000000004020788c                valid_elf_image
 .text.do_bootelf
                0x00000000402078e4      0x19c cmd/built-in.o
                0x00000000402078e4                do_bootelf
 .text.do_bootvx
                0x0000000040207a80      0x360 cmd/built-in.o
                0x0000000040207a80                do_bootvx
 .text.do_exit  0x0000000040207de0       0x40 cmd/built-in.o
 .text.do_ext4_size
                0x0000000040207e20        0x8 cmd/built-in.o
                0x0000000040207e20                do_ext4_size
 .text.do_ext4_load
                0x0000000040207e28        0x8 cmd/built-in.o
                0x0000000040207e28                do_ext4_load
 .text.do_ext4_ls
                0x0000000040207e30        0x8 cmd/built-in.o
                0x0000000040207e30                do_ext4_ls
 .text.do_ext4_write
                0x0000000040207e38        0x8 cmd/built-in.o
                0x0000000040207e38                do_ext4_write
 .text.do_ext2load
                0x0000000040207e40        0x8 cmd/built-in.o
                0x0000000040207e40                do_ext2load
 .text.do_ext2ls
                0x0000000040207e48        0x8 cmd/built-in.o
 .text.do_fat_size
                0x0000000040207e50        0x8 cmd/built-in.o
                0x0000000040207e50                do_fat_size
 .text.do_fat_fsload
                0x0000000040207e58        0x8 cmd/built-in.o
                0x0000000040207e58                do_fat_fsload
 .text.do_fat_ls
                0x0000000040207e60        0x8 cmd/built-in.o
 .text.do_fat_fsinfo
                0x0000000040207e68       0x94 cmd/built-in.o
 .text.fdt_valid
                0x0000000040207efc       0xcc cmd/built-in.o
 .text.is_printable_string
                0x0000000040207fc8       0x80 cmd/built-in.o
 .text.print_data
                0x0000000040208048      0x1b8 cmd/built-in.o
 .text.set_working_fdt_addr
                0x0000000040208200       0x18 cmd/built-in.o
                0x0000000040208200                set_working_fdt_addr
 .text.do_fdt   0x0000000040208218      0xf24 cmd/built-in.o
 .text.do_flinfo
                0x000000004020913c        0x8 cmd/built-in.o
 .text.do_protect
                0x0000000040209144        0xc cmd/built-in.o
 .text.do_flerase
                0x0000000040209150        0x8 cmd/built-in.o
 .text.strtou32
                0x0000000040209158       0x54 cmd/built-in.o
 .text.do_fuse  0x00000000402091ac      0x364 cmd/built-in.o
 .text.gpio_get_description
                0x0000000040209510       0xc8 cmd/built-in.o
 .text.do_gpio  0x00000000402095d8      0x35c cmd/built-in.o
 .text.do_i2c   0x0000000040209934       0x80 cmd/built-in.o
 .text.i2c_get_cur_bus
                0x00000000402099b4       0x38 cmd/built-in.o
 .text.do_i2c_bus_speed
                0x00000000402099ec       0xb0 cmd/built-in.o
 .text.do_i2c_reset
                0x0000000040209a9c       0x38 cmd/built-in.o
 .text.i2c_get_cur_bus_chip
                0x0000000040209ad4       0x40 cmd/built-in.o
 .text.do_i2c_olen
                0x0000000040209b14       0xb8 cmd/built-in.o
 .text.do_i2c_flags
                0x0000000040209bcc       0xcc cmd/built-in.o
 .text.do_i2c_probe
                0x0000000040209c98       0xcc cmd/built-in.o
 .text.do_i2c_bus_num
                0x0000000040209d64       0xb4 cmd/built-in.o
 .text.show_bus
                0x0000000040209e18       0x98 cmd/built-in.o
 .text.do_i2c_show_bus
                0x0000000040209eb0       0xc0 cmd/built-in.o
 .text.get_alen.constprop.4
                0x0000000040209f70       0x38 cmd/built-in.o
 .text.do_i2c_crc
                0x0000000040209fa8      0x180 cmd/built-in.o
 .text.mod_i2c_mem.isra.1
                0x000000004020a128      0x244 cmd/built-in.o
 .text.do_i2c_nm
                0x000000004020a36c        0x8 cmd/built-in.o
 .text.do_i2c_mm
                0x000000004020a374        0x8 cmd/built-in.o
 .text.do_i2c_md
                0x000000004020a37c      0x234 cmd/built-in.o
 .text.do_i2c_read
                0x000000004020a5b0      0x104 cmd/built-in.o
 .text.do_i2c_mw
                0x000000004020a6b4      0x148 cmd/built-in.o
 .text.do_i2c_write
                0x000000004020a7fc      0x1c8 cmd/built-in.o
 .text.do_i2c_loop
                0x000000004020a9c4      0x14c cmd/built-in.o
 .text.evalexp  0x000000004020ab10       0x8c cmd/built-in.o
 .text.evalstr  0x000000004020ab9c       0x5c cmd/built-in.o
 .text.binary_test
                0x000000004020abf8      0x1ac cmd/built-in.o
 .text.do_itest
                0x000000004020ada4       0x90 cmd/built-in.o
 .text.bin_data_init
                0x000000004020ae34       0x1c cmd/built-in.o
 .text.k_data_save
                0x000000004020ae50       0x34 cmd/built-in.o
 .text.k_data_restore
                0x000000004020ae84       0x34 cmd/built-in.o
 .text.getcxmodem
                0x000000004020aeb8       0x24 cmd/built-in.o
 .text.load_serial_ymodem
                0x000000004020aedc       0xf0 cmd/built-in.o
 .text.bin_data_char
                0x000000004020afcc       0x28 cmd/built-in.o
 .text.chk1.constprop.2
                0x000000004020aff4       0x34 cmd/built-in.o
 .text.s1_sendpacket.constprop.3
                0x000000004020b028       0x60 cmd/built-in.o
 .text.load_serial
                0x000000004020b088      0x1ec cmd/built-in.o
 .text.do_load_serial
                0x000000004020b274       0xe4 cmd/built-in.o
 .text.do_load_serial_bin
                0x000000004020b358      0x7cc cmd/built-in.o
 .text.do_mem_loop
                0x000000004020bb24      0x144 cmd/built-in.o
 .text.do_mem_md
                0x000000004020bc68       0xf4 cmd/built-in.o
 .text.do_mem_cmp
                0x000000004020bd5c      0x1a8 cmd/built-in.o
 .text.do_mem_base
                0x000000004020bf04       0x4c cmd/built-in.o
 .text.do_mem_mw
                0x000000004020bf50      0x108 cmd/built-in.o
 .text.do_mem_cp
                0x000000004020c058       0xc0 cmd/built-in.o
 .text.mod_mem.isra.0
                0x000000004020c118      0x1c8 cmd/built-in.o
 .text.do_mem_mm
                0x000000004020c2e0        0x8 cmd/built-in.o
 .text.do_mem_nm
                0x000000004020c2e8        0x8 cmd/built-in.o
 .text.extract_range
                0x000000004020c2f0       0xf8 cmd/built-in.o
 .text.do_mii   0x000000004020c3e8      0x8c4 cmd/built-in.o
 .text.do_mdio  0x000000004020ccac      0x4a4 cmd/built-in.o
 .text.do_sleep
                0x000000004020d150       0xe8 cmd/built-in.o
 .text.do_mmcops
                0x000000004020d238       0xd0 cmd/built-in.o
 .text.init_mmc_device
                0x000000004020d308       0x64 cmd/built-in.o
 .text.do_mmc_rescan
                0x000000004020d36c       0x28 cmd/built-in.o
 .text.do_mmc_rst_func
                0x000000004020d394       0xa8 cmd/built-in.o
 .text.do_mmc_partconf
                0x000000004020d43c       0xc8 cmd/built-in.o
 .text.do_mmc_boot_resize
                0x000000004020d504       0xe0 cmd/built-in.o
 .text.do_mmc_bootbus
                0x000000004020d5e4       0xc8 cmd/built-in.o
 .text.do_mmc_hwpartition
                0x000000004020d6ac      0x4f0 cmd/built-in.o
 .text.do_mmc_list
                0x000000004020db9c       0x1c cmd/built-in.o
 .text.do_mmc_dev
                0x000000004020dbb8      0x14c cmd/built-in.o
 .text.do_mmc_erase
                0x000000004020dd04      0x108 cmd/built-in.o
 .text.do_mmc_write
                0x000000004020de0c      0x128 cmd/built-in.o
 .text.do_mmc_read
                0x000000004020df34      0x10c cmd/built-in.o
 .text.do_mmcinfo
                0x000000004020e040      0x39c cmd/built-in.o
 .text.do_mmc_setdsr
                0x000000004020e3dc       0xbc cmd/built-in.o
 .text.do_mmc_part
                0x000000004020e498       0x64 cmd/built-in.o
 .text.netboot_common
                0x000000004020e4fc      0x270 cmd/built-in.o
 .text.do_bootp
                0x000000004020e76c        0xc cmd/built-in.o
 .text.do_dhcp  0x000000004020e778        0xc cmd/built-in.o
 .text.do_nfs   0x000000004020e784        0xc cmd/built-in.o
 .text.do_tftpb
                0x000000004020e790       0x58 cmd/built-in.o
                0x000000004020e790                do_tftpb
 .text.do_ping  0x000000004020e7e8       0x7c cmd/built-in.o
 .text.bytes_per_second
                0x000000004020e864       0x4c cmd/built-in.o
 .text.do_spi_flash
                0x000000004020e8b0      0x7b4 cmd/built-in.o
 .text.substitute
                0x000000004020f064      0x118 cmd/built-in.o
 .text.get_arg  0x000000004020f17c       0x68 cmd/built-in.o
 .text.regex_sub.part.1
                0x000000004020f1e4      0x2c8 cmd/built-in.o
 .text.do_setexpr
                0x000000004020f4ac      0x1a8 cmd/built-in.o
 .text.do_false
                0x000000004020f654        0x8 cmd/built-in.o
 .text.do_true  0x000000004020f65c        0x8 cmd/built-in.o
 .text.do_test  0x000000004020f664      0x358 cmd/built-in.o
 .text.usb_get_class_desc
                0x000000004020f9bc       0xc0 cmd/built-in.o
 .text.usb_find_device
                0x000000004020fa7c       0x48 cmd/built-in.o
 .text.usb_show_tree_graph
                0x000000004020fac4      0x240 cmd/built-in.o
 .text.usb_display_class_sub
                0x000000004020fd04      0x18c cmd/built-in.o
 .text.usb_display_string
                0x000000004020fe90       0x4c cmd/built-in.o
 .text.usb_display_config
                0x000000004020fedc      0x268 cmd/built-in.o
 .text.do_usbboot
                0x0000000040210144        0xc cmd/built-in.o
 .text.usb_display_desc.part.1
                0x0000000040210150      0x114 cmd/built-in.o
 .text.do_usb_start
                0x0000000040210264       0x30 cmd/built-in.o
 .text.usb_show_tree
                0x0000000040210294       0x5c cmd/built-in.o
                0x0000000040210294                usb_show_tree
 .text.do_usb   0x00000000402102f0      0x758 cmd/built-in.o
 .text.common_diskboot
                0x0000000040210a48      0x2ac cmd/built-in.o
                0x0000000040210a48                common_diskboot
 .text.ums_read_sector
                0x0000000040210cf4       0x24 cmd/built-in.o
 .text.ums_write_sector
                0x0000000040210d18       0x24 cmd/built-in.o
 .text.ums_fini
                0x0000000040210d3c       0x70 cmd/built-in.o
 .text.do_usb_mass_storage
                0x0000000040210dac      0x390 cmd/built-in.o
                0x0000000040210dac                do_usb_mass_storage
 .text.do_imgextract
                0x000000004021113c      0x3b4 cmd/built-in.o
 .text.do_pmic  0x00000000402114f0       0x7c cmd/built-in.o
 .text.do_list  0x000000004021156c      0x188 cmd/built-in.o
 .text.do_dump  0x00000000402116f4       0xfc cmd/built-in.o
 .text.do_write
                0x00000000402117f0       0xe8 cmd/built-in.o
 .text.do_read  0x00000000402118d8       0xe0 cmd/built-in.o
 .text.do_dev   0x00000000402119b8      0x168 cmd/built-in.o
 .text.do_regulator
                0x0000000040211b20       0x7c cmd/built-in.o
 .text.failure  0x0000000040211b9c       0x28 cmd/built-in.o
 .text.constraint
                0x0000000040211bc4       0x84 cmd/built-in.o
 .text.curr_dev_and_platdata
                0x0000000040211c48       0xb0 cmd/built-in.o
 .text.do_disable
                0x0000000040211cf8       0x68 cmd/built-in.o
 .text.do_enable
                0x0000000040211d60       0x68 cmd/built-in.o
 .text.do_mode  0x0000000040211dc8       0xd0 cmd/built-in.o
 .text.do_current
                0x0000000040211e98      0x104 cmd/built-in.o
 .text.do_value
                0x0000000040211f9c      0x144 cmd/built-in.o
 .text.do_info  0x00000000402120e0      0x1d4 cmd/built-in.o
 .text.do_status
                0x00000000402122b4      0x2b0 cmd/built-in.o
 .text.do_env_delete
                0x0000000040212564       0xc0 cmd/built-in.o
 .text.do_env_exists
                0x0000000040212624       0x60 cmd/built-in.o
 .text.do_env_save
                0x0000000040212684       0x30 cmd/built-in.o
 .text.do_env   0x00000000402126b4       0x80 cmd/built-in.o
 .text.env_print
                0x0000000040212734       0xc0 cmd/built-in.o
 .text.do_env_print
                0x00000000402127f4       0xe0 cmd/built-in.o
 .text.do_env_default
                0x00000000402128d4       0x90 cmd/built-in.o
 .text._do_env_set.isra.0
                0x0000000040212964      0x1bc cmd/built-in.o
 .text.do_env_set
                0x0000000040212b20       0x20 cmd/built-in.o
 .text.get_env_id
                0x0000000040212b40        0xc cmd/built-in.o
                0x0000000040212b40                get_env_id
 .text.setenv   0x0000000040212b4c       0x58 cmd/built-in.o
                0x0000000040212b4c                setenv
 .text.setenv_ulong
                0x0000000040212ba4       0x2c cmd/built-in.o
                0x0000000040212ba4                setenv_ulong
 .text.setenv_hex
                0x0000000040212bd0       0x3c cmd/built-in.o
                0x0000000040212bd0                setenv_hex
 .text.envmatch
                0x0000000040212c0c       0x80 cmd/built-in.o
                0x0000000040212c0c                envmatch
 .text.getenv_f
                0x0000000040212c8c       0xec cmd/built-in.o
                0x0000000040212c8c                getenv_f
 .text.getenv   0x0000000040212d78       0x78 cmd/built-in.o
                0x0000000040212d78                getenv
 .text.getenv_hex
                0x0000000040212df0       0x48 cmd/built-in.o
                0x0000000040212df0                getenv_hex
 .text.getenv_ulong
                0x0000000040212e38       0x40 cmd/built-in.o
                0x0000000040212e38                getenv_ulong
 .text.do_env_edit.part.3
                0x0000000040212e78       0xb4 cmd/built-in.o
 .text.do_env_edit
                0x0000000040212f2c       0x28 cmd/built-in.o
 .text.board_init_f_alloc_reserve
                0x0000000040212f54       0x10 common/built-in.o
                0x0000000040212f54                board_init_f_alloc_reserve
 .text.board_init_f_init_reserve
                0x0000000040212f64       0x30 common/built-in.o
                0x0000000040212f64                board_init_f_init_reserve
 .text.show_boot_progress
                0x0000000040212f94        0x8 common/built-in.o
                0x0000000040212f94                show_boot_progress
 .text.main_loop
                0x0000000040212f9c       0x50 common/built-in.o
                0x0000000040212f9c                main_loop
 .text.mdelay   0x0000000040212fec       0x34 common/built-in.o
 .text.dummy    0x0000000040213020        0x4 common/built-in.o
 .text.get_version
                0x0000000040213024        0x8 common/built-in.o
                0x0000000040213024                get_version
 .text.jumptable_init
                0x000000004021302c      0x1f0 common/built-in.o
                0x000000004021302c                jumptable_init
 .text.b_reset  0x000000004021321c       0x18 common/built-in.o
 .text.static_get
                0x0000000040213234       0x1c common/built-in.o
 .text.static_peek
                0x0000000040213250        0xc common/built-in.o
 .text.mapset   0x000000004021325c       0x20 common/built-in.o
 .text.syntax_err
                0x000000004021327c        0xc common/built-in.o
 .text.free_pipe_list
                0x0000000040213288       0xf0 common/built-in.o
 .text.xmalloc  0x0000000040213378       0x28 common/built-in.o
 .text.new_pipe
                0x00000000402133a0       0x24 common/built-in.o
 .text.xrealloc
                0x00000000402133c4       0x28 common/built-in.o
 .text.done_command
                0x00000000402133ec       0x94 common/built-in.o
 .text.done_pipe
                0x0000000040213480       0x50 common/built-in.o
 .text.done_word
                0x00000000402134d0      0x298 common/built-in.o
 .text.is_assignment
                0x0000000040213768       0x4c common/built-in.o
 .text.file_get
                0x00000000402137b4      0x1ec common/built-in.o
 .text.do_showvar
                0x00000000402139a0      0x108 common/built-in.o
 .text.b_addchr
                0x0000000040213aa8       0x94 common/built-in.o
 .text.b_addqchr
                0x0000000040213b3c       0x58 common/built-in.o
 .text.file_peek
                0x0000000040213b94        0xc common/built-in.o
 .text.get_local_var
                0x0000000040213ba0       0x9c common/built-in.o
                0x0000000040213ba0                get_local_var
 .text.set_local_var
                0x0000000040213c3c      0x1a4 common/built-in.o
                0x0000000040213c3c                set_local_var
 .text.insert_var_value_sub
                0x0000000040213de0      0x2c0 common/built-in.o
 .text.parse_string_outer
                0x00000000402140a0       0xec common/built-in.o
                0x00000000402140a0                parse_string_outer
 .text.run_list_real
                0x000000004021418c      0x71c common/built-in.o
 .text.parse_stream_outer
                0x00000000402148a8      0x67c common/built-in.o
 .text.parse_file_outer
                0x0000000040214f24       0x40 common/built-in.o
                0x0000000040214f24                parse_file_outer
 .text.u_boot_hush_start
                0x0000000040214f64       0x58 common/built-in.o
                0x0000000040214f64                u_boot_hush_start
 .text.bootdelay_process
                0x0000000040214fbc      0x14c common/built-in.o
                0x0000000040214fbc                bootdelay_process
 .text.autoboot_command
                0x0000000040215108      0x114 common/built-in.o
                0x0000000040215108                autoboot_command
 .text.display_text_info
                0x000000004021521c        0x8 common/built-in.o
 .text.setup_mon_len
                0x0000000040215224       0x20 common/built-in.o
 .text.reserve_round_4k
                0x0000000040215244       0x14 common/built-in.o
 .text.reserve_uboot
                0x0000000040215258       0x2c common/built-in.o
 .text.reserve_malloc
                0x0000000040215284       0x1c common/built-in.o
 .text.reserve_global_data
                0x00000000402152a0       0x1c common/built-in.o
 .text.reserve_fdt
                0x00000000402152bc       0x48 common/built-in.o
 .text.arch_cpu_init_dm
                0x0000000040215304        0x8 common/built-in.o
                0x0000000040215304                arch_cpu_init_dm
 .text.reserve_mmu
                0x000000004021530c       0x4c common/built-in.o
 .text.announce_dram_init
                0x0000000040215358       0x20 common/built-in.o
 .text.init_baud_rate
                0x0000000040215378       0x30 common/built-in.o
 .text.mark_bootstage
                0x00000000402153a8       0x1c common/built-in.o
 .text.initf_dm
                0x00000000402153c4        0x8 common/built-in.o
 .text.setup_reloc
                0x00000000402153cc       0x48 common/built-in.o
 .text.reloc_fdt
                0x0000000040215414       0x44 common/built-in.o
 .text.reserve_board
                0x0000000040215458       0x48 common/built-in.o
 .text.reserve_arch
                0x00000000402154a0        0x8 common/built-in.o
                0x00000000402154a0                reserve_arch
 .text.mach_cpu_init
                0x00000000402154a8        0x8 common/built-in.o
                0x00000000402154a8                mach_cpu_init
 .text.reserve_trace
                0x00000000402154b0        0x8 common/built-in.o
 .text.setup_machine
                0x00000000402154b8        0x8 common/built-in.o
 .text.display_new_sp
                0x00000000402154c0        0x8 common/built-in.o
 .text.initf_console_record
                0x00000000402154c8        0x8 common/built-in.o
 .text.board_add_ram_info
                0x00000000402154d0        0x4 common/built-in.o
                0x00000000402154d0                board_add_ram_info
 .text.show_dram_config
                0x00000000402154d4       0x38 common/built-in.o
 .text.dram_init_banksize
                0x000000004021550c       0x30 common/built-in.o
                0x000000004021550c                dram_init_banksize
 .text.setup_dram_config
                0x000000004021553c       0x18 common/built-in.o
 .text.board_get_usable_ram_top
                0x0000000040215554       0x20 common/built-in.o
                0x0000000040215554                board_get_usable_ram_top
 .text.board_reserve_ram_top
                0x0000000040215574        0x4 common/built-in.o
                0x0000000040215574                board_reserve_ram_top
 .text.setup_dest_addr
                0x0000000040215578       0x5c common/built-in.o
 .text.reserve_stacks
                0x00000000402155d4       0x1c common/built-in.o
 .text.board_init_f
                0x00000000402155f0       0x2c common/built-in.o
                0x00000000402155f0                board_init_f
 .text.bootstage_relocate
                0x000000004021561c        0x8 common/built-in.o
 .text.initr_trace
                0x0000000040215624        0x8 common/built-in.o
 .text.initr_reloc
                0x000000004021562c       0x18 common/built-in.o
 .text.run_main_loop
                0x0000000040215644       0x10 common/built-in.o
 .text.initr_net
                0x0000000040215654       0x24 common/built-in.o
 .text.initr_ethaddr
                0x0000000040215678       0x28 common/built-in.o
 .text.initr_enable_interrupts
                0x00000000402156a0       0x18 common/built-in.o
 .text.initr_jumptable
                0x00000000402156b8       0x18 common/built-in.o
 .text.initr_env
                0x00000000402156d0       0x70 common/built-in.o
 .text.initr_mmc
                0x0000000040215740       0x28 common/built-in.o
 .text.initr_serial
                0x0000000040215768       0x18 common/built-in.o
 .text.initr_bootstage
                0x0000000040215780       0x1c common/built-in.o
 .text.initr_dm
                0x000000004021579c       0x14 common/built-in.o
 .text.initr_malloc
                0x00000000402157b0       0x2c common/built-in.o
 .text.initr_reloc_global_data
                0x00000000402157dc       0x3c common/built-in.o
 .text.initr_caches
                0x0000000040215818       0x18 common/built-in.o
 .text.initr_announce
                0x0000000040215830        0x8 common/built-in.o
 .text.initr_barrier
                0x0000000040215838        0x8 common/built-in.o
 .text.initr_console_record
                0x0000000040215840        0x8 common/built-in.o
 .text.power_init_board
                0x0000000040215848        0x8 common/built-in.o
                0x0000000040215848                power_init_board
 .text.cpu_secondary_init_r
                0x0000000040215850        0x4 common/built-in.o
                0x0000000040215850                cpu_secondary_init_r
 .text.initr_secondary_cpu
                0x0000000040215854       0x18 common/built-in.o
 .text.board_init_r
                0x000000004021586c       0x18 common/built-in.o
                0x000000004021586c                board_init_r
 .text.checkboard
                0x0000000040215884        0x8 common/built-in.o
                0x0000000040215884                checkboard
 .text.show_board_info
                0x000000004021588c       0x3c common/built-in.o
                0x000000004021588c                show_board_info
 .text.bootm_find_images
                0x00000000402158c8       0xcc common/built-in.o
                0x00000000402158c8                bootm_find_images
 .text.bootm_decomp_image
                0x0000000040215994      0x174 common/built-in.o
                0x0000000040215994                bootm_decomp_image
 .text.bootm_disable_interrupts
                0x0000000040215b08       0x28 common/built-in.o
                0x0000000040215b08                bootm_disable_interrupts
 .text.do_bootm_states
                0x0000000040215b30      0x834 common/built-in.o
                0x0000000040215b30                do_bootm_states
 .text.do_bootm_rtems
                0x0000000040216364       0x60 common/built-in.o
 .text.do_bootm_standalone
                0x00000000402163c4       0x74 common/built-in.o
 .text.do_bootm_qnxelf
                0x0000000040216438       0x8c common/built-in.o
 .text.do_bootm_plan9
                0x00000000402164c4      0x104 common/built-in.o
 .text.do_bootvx_fdt
                0x00000000402165c8      0x118 common/built-in.o
                0x00000000402165c8                do_bootvx_fdt
 .text.do_bootm_vxworks
                0x00000000402166e0       0x3c common/built-in.o
 .text.boot_selected_os
                0x000000004021671c       0x78 common/built-in.o
                0x000000004021671c                boot_selected_os
 .text.bootm_os_get_boot_func
                0x0000000040216794       0x10 common/built-in.o
                0x0000000040216794                bootm_os_get_boot_func
 .text.regex_callback
                0x00000000402167a4      0x140 common/built-in.o
 .text.env_attr_walk
                0x00000000402168e4      0x148 common/built-in.o
                0x00000000402168e4                env_attr_walk
 .text.env_attr_lookup
                0x0000000040216a2c       0x7c common/built-in.o
                0x0000000040216a2c                env_attr_lookup
 .text.clear_callback
                0x0000000040216aa8        0xc common/built-in.o
 .text.find_env_callback
                0x0000000040216ab4       0x7c common/built-in.o
 .text.on_callbacks
                0x0000000040216b30       0x60 common/built-in.o
 .text.set_callback
                0x0000000040216b90       0x90 common/built-in.o
 .text.env_callback_init
                0x0000000040216c20       0xbc common/built-in.o
                0x0000000040216c20                env_callback_init
 .text.skip_num
                0x0000000040216cdc       0x68 common/built-in.o
 .text.clear_flags
                0x0000000040216d44        0xc common/built-in.o
 .text.on_flags
                0x0000000040216d50       0x60 common/built-in.o
 .text.env_flags_parse_vartype
                0x0000000040216db0       0x58 common/built-in.o
                0x0000000040216db0                env_flags_parse_vartype
 .text.env_flags_parse_varaccess
                0x0000000040216e08       0x5c common/built-in.o
                0x0000000040216e08                env_flags_parse_varaccess
 .text.set_flags
                0x0000000040216e64       0xac common/built-in.o
 .text.eth_validate_ethaddr_str
                0x0000000040216f10       0x98 common/built-in.o
                0x0000000040216f10                eth_validate_ethaddr_str
 .text.env_flags_init
                0x0000000040216fa8       0xc8 common/built-in.o
                0x0000000040216fa8                env_flags_init
 .text.env_flags_validate
                0x0000000040217070      0x278 common/built-in.o
                0x0000000040217070                env_flags_validate
 .text.mmc_get_env_addr
                0x00000000402172e8       0x10 common/built-in.o
                0x00000000402172e8                mmc_get_env_addr
 .text.env_init
                0x00000000402172f8       0x1c common/built-in.o
                0x00000000402172f8                env_init
 .text.saveenv  0x0000000040217314      0x128 common/built-in.o
                0x0000000040217314                saveenv
 .text.env_relocate_spec
                0x000000004021743c       0xec common/built-in.o
                0x000000004021743c                env_relocate_spec
 .text.of_bus_default_map
                0x0000000040217528       0xa4 common/built-in.o
 .text.of_bus_default_translate
                0x00000000402175cc       0xb8 common/built-in.o
 .text.of_bus_default_count_cells
                0x0000000040217684       0x70 common/built-in.o
                0x0000000040217684                of_bus_default_count_cells
 .text.fdt_find_and_setprop
                0x00000000402176f4       0x94 common/built-in.o
                0x00000000402176f4                fdt_find_and_setprop
 .text.fdt_find_or_add_subnode
                0x0000000040217788       0x74 common/built-in.o
                0x0000000040217788                fdt_find_or_add_subnode
 .text.fdt_root
                0x00000000402177fc       0x98 common/built-in.o
                0x00000000402177fc                fdt_root
 .text.fdt_initrd
                0x0000000040217894      0x1b8 common/built-in.o
                0x0000000040217894                fdt_initrd
 .text.fdt_chosen
                0x0000000040217a4c       0xbc common/built-in.o
                0x0000000040217a4c                fdt_chosen
 .text.do_fixup_by_path
                0x0000000040217b08       0x4c common/built-in.o
                0x0000000040217b08                do_fixup_by_path
 .text.fdt_fixup_memory_banks
                0x0000000040217b54      0x1e0 common/built-in.o
                0x0000000040217b54                fdt_fixup_memory_banks
 .text.fdt_fixup_memory
                0x0000000040217d34       0x2c common/built-in.o
                0x0000000040217d34                fdt_fixup_memory
 .text.fdt_fixup_ethernet
                0x0000000040217d60      0x1ac common/built-in.o
                0x0000000040217d60                fdt_fixup_ethernet
 .text.fdt_shrink_to_minimum
                0x0000000040217f0c       0xc8 common/built-in.o
                0x0000000040217f0c                fdt_shrink_to_minimum
 .text.fdt_increase_size
                0x0000000040217fd4       0x14 common/built-in.o
                0x0000000040217fd4                fdt_increase_size
 .text.fdt_translate_address
                0x0000000040217fe8      0x28c common/built-in.o
                0x0000000040217fe8                fdt_translate_address
 .text.miiphy_get_dev_by_name
                0x0000000040218274       0x68 common/built-in.o
                0x0000000040218274                miiphy_get_dev_by_name
 .text.miiphy_init
                0x00000000402182dc       0x1c common/built-in.o
                0x00000000402182dc                miiphy_init
 .text.mdio_alloc
                0x00000000402182f8       0x3c common/built-in.o
                0x00000000402182f8                mdio_alloc
 .text.mdio_free
                0x0000000040218334        0x4 common/built-in.o
                0x0000000040218334                mdio_free
 .text.mdio_register
                0x0000000040218338       0x8c common/built-in.o
                0x0000000040218338                mdio_register
 .text.mdio_unregister
                0x00000000402183c4       0x30 common/built-in.o
                0x00000000402183c4                mdio_unregister
 .text.mdio_list_devices
                0x00000000402183f4       0xc8 common/built-in.o
                0x00000000402183f4                mdio_list_devices
 .text.miiphy_set_current_dev
                0x00000000402184bc       0x48 common/built-in.o
                0x00000000402184bc                miiphy_set_current_dev
 .text.miiphy_get_active_dev
                0x0000000040218504       0x60 common/built-in.o
 .text.mdio_get_current_dev
                0x0000000040218564        0xc common/built-in.o
                0x0000000040218564                mdio_get_current_dev
 .text.mdio_phydev_for_ethname
                0x0000000040218570       0xa0 common/built-in.o
                0x0000000040218570                mdio_phydev_for_ethname
 .text.miiphy_get_current_dev
                0x0000000040218610       0x18 common/built-in.o
                0x0000000040218610                miiphy_get_current_dev
 .text.miiphy_read
                0x0000000040218628       0x5c common/built-in.o
                0x0000000040218628                miiphy_read
 .text.miiphy_write
                0x0000000040218684       0x5c common/built-in.o
                0x0000000040218684                miiphy_write
 .text.miiphy_listdev
                0x00000000402186e0       0x90 common/built-in.o
                0x00000000402186e0                miiphy_listdev
 .text.miiphy_info
                0x0000000040218770       0xa0 common/built-in.o
                0x0000000040218770                miiphy_info
 .text.miiphy_is_1000base_x
                0x0000000040218810       0x40 common/built-in.o
                0x0000000040218810                miiphy_is_1000base_x
 .text.miiphy_speed
                0x0000000040218850      0x11c common/built-in.o
                0x0000000040218850                miiphy_speed
 .text.miiphy_duplex
                0x000000004021896c      0x140 common/built-in.o
                0x000000004021896c                miiphy_duplex
 .text.usb_set_maxpacket_ep
                0x0000000040218aac       0x84 common/built-in.o
 .text.usb_stop
                0x0000000040218b30       0x74 common/built-in.o
                0x0000000040218b30                usb_stop
 .text.usb_disable_asynch
                0x0000000040218ba4       0x1c common/built-in.o
                0x0000000040218ba4                usb_disable_asynch
 .text.usb_control_msg
                0x0000000040218bc0       0xc8 common/built-in.o
                0x0000000040218bc0                usb_control_msg
 .text.usb_get_descriptor
                0x0000000040218c88       0x5c common/built-in.o
 .text.get_descriptor_len
                0x0000000040218ce4       0xa4 common/built-in.o
 .text.usb_get_string
                0x0000000040218d88       0xa4 common/built-in.o
 .text.usb_string_sub
                0x0000000040218e2c      0x114 common/built-in.o
 .text.usb_bulk_msg
                0x0000000040218f40       0x7c common/built-in.o
                0x0000000040218f40                usb_bulk_msg
 .text.usb_maxpacket
                0x0000000040218fbc       0x1c common/built-in.o
                0x0000000040218fbc                usb_maxpacket
 .text.usb_clear_halt
                0x0000000040218fd8       0xa0 common/built-in.o
                0x0000000040218fd8                usb_clear_halt
 .text.usb_get_configuration_len
                0x0000000040219078       0x78 common/built-in.o
                0x0000000040219078                usb_get_configuration_len
 .text.usb_get_configuration_no
                0x00000000402190f0       0x40 common/built-in.o
                0x00000000402190f0                usb_get_configuration_no
 .text.usb_set_interface
                0x0000000040219130       0xbc common/built-in.o
                0x0000000040219130                usb_set_interface
 .text.usb_string
                0x00000000402191ec      0x110 common/built-in.o
                0x00000000402191ec                usb_string
 .text.usb_get_dev_index
                0x00000000402192fc       0x34 common/built-in.o
                0x00000000402192fc                usb_get_dev_index
 .text.usb_alloc_new_device
                0x0000000040219330       0x90 common/built-in.o
                0x0000000040219330                usb_alloc_new_device
 .text.usb_free_device
                0x00000000402193c0       0x58 common/built-in.o
                0x00000000402193c0                usb_free_device
 .text.usb_select_config
                0x0000000040219418      0x4b0 common/built-in.o
                0x0000000040219418                usb_select_config
 .text.usb_setup_device
                0x00000000402198c8      0x194 common/built-in.o
                0x00000000402198c8                usb_setup_device
 .text.usb_new_device
                0x0000000040219a5c       0x40 common/built-in.o
                0x0000000040219a5c                usb_new_device
 .text.usb_init
                0x0000000040219a9c      0x178 common/built-in.o
                0x0000000040219a9c                usb_init
 .text.usb_device_has_child_on_port
                0x0000000040219c14       0x14 common/built-in.o
                0x0000000040219c14                usb_device_has_child_on_port
 .text.usb_set_port_feature
                0x0000000040219c28       0x4c common/built-in.o
 .text.usb_clear_port_feature
                0x0000000040219c74       0x4c common/built-in.o
 .text.usb_get_hub_descriptor
                0x0000000040219cc0       0x54 common/built-in.o
 .text.usb_hub_reset_devices
                0x0000000040219d14        0x4 common/built-in.o
                0x0000000040219d14                usb_hub_reset_devices
 .text.usb_get_port_status
                0x0000000040219d18       0x54 common/built-in.o
                0x0000000040219d18                usb_get_port_status
 .text.usb_hub_reset
                0x0000000040219d6c       0x1c common/built-in.o
                0x0000000040219d6c                usb_hub_reset
 .text.legacy_hub_port_reset
                0x0000000040219d88       0xc4 common/built-in.o
                0x0000000040219d88                legacy_hub_port_reset
 .text.usb_hub_port_connect_change
                0x0000000040219e4c      0x168 common/built-in.o
                0x0000000040219e4c                usb_hub_port_connect_change
 .text.usb_hub_configure
                0x0000000040219fb4      0x4a8 common/built-in.o
 .text.usb_hub_probe
                0x000000004021a45c       0x54 common/built-in.o
                0x000000004021a45c                usb_hub_probe
 .text.usb_stor_irq
                0x000000004021a4b0       0x18 common/built-in.o
 .text.usb_stor_BBB_reset
                0x000000004021a4c8      0x110 common/built-in.o
 .text.usb_stor_CB_reset
                0x000000004021a5d8       0xe0 common/built-in.o
 .text.usb_stor_BBB_clear_endpt_stall.isra.2
                0x000000004021a6b8       0x4c common/built-in.o
 .text.usb_stor_BBB_transport
                0x000000004021a704      0x264 common/built-in.o
 .text.usb_stor_CB_comdat
                0x000000004021a968      0x1ec common/built-in.o
 .text.usb_stor_CBI_get_status.isra.4
                0x000000004021ab54       0xdc common/built-in.o
 .text.usb_stor_CB_transport
                0x000000004021ac30      0x1fc common/built-in.o
 .text.usb_request_sense.constprop.10
                0x000000004021ae2c       0x8c common/built-in.o
 .text.usb_stor_read
                0x000000004021aeb8      0x170 common/built-in.o
 .text.usb_stor_write
                0x000000004021b028      0x170 common/built-in.o
 .text.usb_stor_info
                0x000000004021b198       0x8c common/built-in.o
                0x000000004021b198                usb_stor_info
 .text.usb_storage_probe
                0x000000004021b224      0x244 common/built-in.o
                0x000000004021b224                usb_storage_probe
 .text.usb_stor_get_info
                0x000000004021b468      0x2f4 common/built-in.o
                0x000000004021b468                usb_stor_get_info
 .text.usb_stor_scan
                0x000000004021b75c      0x224 common/built-in.o
                0x000000004021b75c                usb_stor_scan
 .text.iomux_doenv
                0x000000004021b980      0x1cc common/built-in.o
                0x000000004021b980                iomux_doenv
 .text.splash_screen_prepare
                0x000000004021bb4c        0x8 common/built-in.o
                0x000000004021bb4c                splash_screen_prepare
 .text.splash_get_pos
                0x000000004021bb54       0x98 common/built-in.o
                0x000000004021bb54                splash_get_pos
 .text.env_get_char_spec
                0x000000004021bbec        0xc common/built-in.o
                0x000000004021bbec                env_get_char_spec
 .text.env_get_addr
                0x000000004021bbf8       0x24 common/built-in.o
                0x000000004021bbf8                env_get_addr
 .text.env_get_char_memory
                0x000000004021bc1c       0x18 common/built-in.o
                0x000000004021bc1c                env_get_char_memory
 .text.env_get_char
                0x000000004021bc34       0x2c common/built-in.o
                0x000000004021bc34                env_get_char
 .text.getenv_yesno
                0x000000004021bc60       0x4c common/built-in.o
                0x000000004021bc60                getenv_yesno
 .text.getenv_default
                0x000000004021bcac       0x3c common/built-in.o
                0x000000004021bcac                getenv_default
 .text.set_default_env
                0x000000004021bce8       0xbc common/built-in.o
                0x000000004021bce8                set_default_env
 .text.set_default_vars
                0x000000004021bda4       0x2c common/built-in.o
                0x000000004021bda4                set_default_vars
 .text.env_import
                0x000000004021bdd0       0xdc common/built-in.o
                0x000000004021bdd0                env_import
 .text.env_export
                0x000000004021beac       0x94 common/built-in.o
                0x000000004021beac                env_export
 .text.env_relocate
                0x000000004021bf40       0x2c common/built-in.o
                0x000000004021bf40                env_relocate
 .text.env_complete
                0x000000004021bf6c      0x10c common/built-in.o
                0x000000004021bf6c                env_complete
 .text.console_tstc
                0x000000004021c078       0x98 common/built-in.o
 .text.console_putc
                0x000000004021c110       0x70 common/built-in.o
 .text.console_puts
                0x000000004021c180       0x70 common/built-in.o
 .text.on_console
                0x000000004021c1f0       0xc4 common/built-in.o
 .text.serial_printf
                0x000000004021c2b4       0x88 common/built-in.o
                0x000000004021c2b4                serial_printf
 .text.console_getc.isra.0
                0x000000004021c33c       0x30 common/built-in.o
 .text.putc     0x000000004021c36c       0x28 common/built-in.o
                0x000000004021c36c                putc
 .text.puts     0x000000004021c394       0x24 common/built-in.o
                0x000000004021c394                puts
 .text.getc     0x000000004021c3b8       0x4c common/built-in.o
                0x000000004021c3b8                getc
 .text.tstc     0x000000004021c404       0x24 common/built-in.o
                0x000000004021c404                tstc
 .text.ctrlc    0x000000004021c428       0x58 common/built-in.o
                0x000000004021c428                ctrlc
 .text.confirm_yesno
                0x000000004021c480       0xd4 common/built-in.o
                0x000000004021c480                confirm_yesno
 .text.disable_ctrlc
                0x000000004021c554       0x14 common/built-in.o
                0x000000004021c554                disable_ctrlc
 .text.had_ctrlc
                0x000000004021c568        0xc common/built-in.o
                0x000000004021c568                had_ctrlc
 .text.clear_ctrlc
                0x000000004021c574        0xc common/built-in.o
                0x000000004021c574                clear_ctrlc
 .text.search_device
                0x000000004021c580       0x34 common/built-in.o
                0x000000004021c580                search_device
 .text.console_assign
                0x000000004021c5b4       0xdc common/built-in.o
                0x000000004021c5b4                console_assign
 .text.console_init_f
                0x000000004021c690       0x10 common/built-in.o
                0x000000004021c690                console_init_f
 .text.stdio_print_current_devices
                0x000000004021c6a0       0xc0 common/built-in.o
                0x000000004021c6a0                stdio_print_current_devices
 .text.console_init_r
                0x000000004021c760      0x1bc common/built-in.o
                0x000000004021c760                console_init_r
 .text.sbrk     0x000000004021c91c       0x74 common/built-in.o
                0x000000004021c91c                sbrk
 .text.mem_malloc_init
                0x000000004021c990       0x28 common/built-in.o
                0x000000004021c990                mem_malloc_init
 .text.malloc_trim
                0x000000004021c9b8       0xd8 common/built-in.o
                0x000000004021c9b8                malloc_trim
 .text.free     0x000000004021ca90      0x22c common/built-in.o
                0x000000004021ca90                free
 .text.malloc   0x000000004021ccbc      0x654 common/built-in.o
                0x000000004021ccbc                malloc
 .text.calloc   0x000000004021d310      0x10c common/built-in.o
                0x000000004021d310                calloc
 .text.realloc  0x000000004021d41c      0x468 common/built-in.o
                0x000000004021d41c                realloc
 .text.memalign
                0x000000004021d884      0x194 common/built-in.o
                0x000000004021d884                memalign
 .text.initf_malloc
                0x000000004021da18       0x18 common/built-in.o
                0x000000004021da18                initf_malloc
 .text.malloc_simple
                0x000000004021da30       0x38 common/built-in.o
                0x000000004021da30                malloc_simple
 .text.on_loadaddr
                0x000000004021da68       0x40 common/built-in.o
 .text.image_check_hcrc
                0x000000004021daa8       0x50 common/built-in.o
                0x000000004021daa8                image_check_hcrc
 .text.image_check_dcrc
                0x000000004021daf8       0x44 common/built-in.o
                0x000000004021daf8                image_check_dcrc
 .text.image_multi_count
                0x000000004021db3c       0x1c common/built-in.o
                0x000000004021db3c                image_multi_count
 .text.image_multi_getimg
                0x000000004021db58       0x88 common/built-in.o
                0x000000004021db58                image_multi_getimg
 .text.getenv_bootm_low
                0x000000004021dbe0       0x34 common/built-in.o
                0x000000004021dbe0                getenv_bootm_low
 .text.getenv_bootm_size
                0x000000004021dc14       0x78 common/built-in.o
                0x000000004021dc14                getenv_bootm_size
 .text.getenv_bootm_mapsize
                0x000000004021dc8c       0x30 common/built-in.o
                0x000000004021dc8c                getenv_bootm_mapsize
 .text.memmove_wd
                0x000000004021dcbc       0x10 common/built-in.o
                0x000000004021dcbc                memmove_wd
 .text.genimg_print_size
                0x000000004021dccc       0x38 common/built-in.o
                0x000000004021dccc                genimg_print_size
 .text.get_table_entry
                0x000000004021dd04       0x20 common/built-in.o
                0x000000004021dd04                get_table_entry
 .text.get_table_entry_name
                0x000000004021dd24       0x28 common/built-in.o
                0x000000004021dd24                get_table_entry_name
 .text.genimg_get_os_name
                0x000000004021dd4c       0x18 common/built-in.o
                0x000000004021dd4c                genimg_get_os_name
 .text.genimg_get_arch_name
                0x000000004021dd64       0x18 common/built-in.o
                0x000000004021dd64                genimg_get_arch_name
 .text.genimg_get_type_name
                0x000000004021dd7c       0x18 common/built-in.o
                0x000000004021dd7c                genimg_get_type_name
 .text.genimg_get_comp_name
                0x000000004021dd94       0x18 common/built-in.o
                0x000000004021dd94                genimg_get_comp_name
 .text.image_print_contents
                0x000000004021ddac      0x1b8 common/built-in.o
                0x000000004021ddac                image_print_contents
 .text.get_table_entry_id
                0x000000004021df64       0x50 common/built-in.o
                0x000000004021df64                get_table_entry_id
 .text.genimg_get_os_id
                0x000000004021dfb4       0x18 common/built-in.o
                0x000000004021dfb4                genimg_get_os_id
 .text.genimg_get_arch_id
                0x000000004021dfcc       0x18 common/built-in.o
                0x000000004021dfcc                genimg_get_arch_id
 .text.genimg_get_type_id
                0x000000004021dfe4       0x18 common/built-in.o
                0x000000004021dfe4                genimg_get_type_id
 .text.genimg_get_comp_id
                0x000000004021dffc       0x18 common/built-in.o
                0x000000004021dffc                genimg_get_comp_id
 .text.genimg_get_kernel_addr_fit
                0x000000004021e014       0x7c common/built-in.o
                0x000000004021e014                genimg_get_kernel_addr_fit
 .text.genimg_get_format
                0x000000004021e090       0x3c common/built-in.o
                0x000000004021e090                genimg_get_format
 .text.genimg_get_image
                0x000000004021e0cc        0x4 common/built-in.o
                0x000000004021e0cc                genimg_get_image
 .text.genimg_has_config
                0x000000004021e0d0       0x10 common/built-in.o
                0x000000004021e0d0                genimg_has_config
 .text.boot_get_ramdisk
                0x000000004021e0e0      0x314 common/built-in.o
                0x000000004021e0e0                boot_get_ramdisk
 .text.boot_ramdisk_high
                0x000000004021e3f4      0x138 common/built-in.o
                0x000000004021e3f4                boot_ramdisk_high
 .text.boot_get_setup
                0x000000004021e52c        0x4 common/built-in.o
                0x000000004021e52c                boot_get_setup
 .text.boot_get_loadable
                0x000000004021e530      0x190 common/built-in.o
                0x000000004021e530                boot_get_loadable
 .text.image_setup_linux
                0x000000004021e6c0       0x6c common/built-in.o
                0x000000004021e6c0                image_setup_linux
 .text.fdt_error
                0x000000004021e72c       0x38 common/built-in.o
 .text.boot_fdt_add_mem_rsv_regions
                0x000000004021e764       0x94 common/built-in.o
                0x000000004021e764                boot_fdt_add_mem_rsv_regions
 .text.boot_relocate_fdt
                0x000000004021e7f8      0x1b8 common/built-in.o
                0x000000004021e7f8                boot_relocate_fdt
 .text.boot_get_fdt
                0x000000004021e9b0      0x3b0 common/built-in.o
                0x000000004021e9b0                boot_get_fdt
 .text.ft_verify_fdt
                0x000000004021ed60        0x8 common/built-in.o
                0x000000004021ed60                ft_verify_fdt
 .text.image_setup_libfdt
                0x000000004021ed68      0x16c common/built-in.o
                0x000000004021ed68                image_setup_libfdt
 .text.fit_image_get_address
                0x000000004021eed4       0x84 common/built-in.o
 .text.fit_parse_conf
                0x000000004021ef58       0x78 common/built-in.o
                0x000000004021ef58                fit_parse_conf
 .text.fit_parse_subimage
                0x000000004021efd0       0x78 common/built-in.o
                0x000000004021efd0                fit_parse_subimage
 .text.fit_get_desc
                0x000000004021f048       0x38 common/built-in.o
                0x000000004021f048                fit_get_desc
 .text.fit_image_get_node
                0x000000004021f080       0x48 common/built-in.o
                0x000000004021f080                fit_image_get_node
 .text.fit_image_get_os
                0x000000004021f0c8       0x4c common/built-in.o
                0x000000004021f0c8                fit_image_get_os
 .text.fit_image_get_arch
                0x000000004021f114       0x4c common/built-in.o
                0x000000004021f114                fit_image_get_arch
 .text.fit_image_get_type
                0x000000004021f160       0x4c common/built-in.o
                0x000000004021f160                fit_image_get_type
 .text.fit_image_get_comp
                0x000000004021f1ac       0x4c common/built-in.o
                0x000000004021f1ac                fit_image_get_comp
 .text.fit_image_get_load
                0x000000004021f1f8       0x10 common/built-in.o
                0x000000004021f1f8                fit_image_get_load
 .text.fit_image_get_entry
                0x000000004021f208       0x10 common/built-in.o
                0x000000004021f208                fit_image_get_entry
 .text.fit_image_get_data
                0x000000004021f218       0x50 common/built-in.o
                0x000000004021f218                fit_image_get_data
 .text.fit_image_hash_get_algo
                0x000000004021f268       0x38 common/built-in.o
                0x000000004021f268                fit_image_hash_get_algo
 .text.fit_image_hash_get_value
                0x000000004021f2a0       0x50 common/built-in.o
                0x000000004021f2a0                fit_image_hash_get_value
 .text.fit_image_print_data
                0x000000004021f2f0      0x158 common/built-in.o
 .text.fit_image_print
                0x000000004021f448      0x35c common/built-in.o
                0x000000004021f448                fit_image_print
 .text.fit_get_end
                0x000000004021f7a4       0x10 common/built-in.o
                0x000000004021f7a4                fit_get_end
 .text.calculate_hash
                0x000000004021f7b4      0x11c common/built-in.o
                0x000000004021f7b4                calculate_hash
 .text.fit_image_verify
                0x000000004021f8d0      0x218 common/built-in.o
                0x000000004021f8d0                fit_image_verify
 .text.fit_all_image_verify
                0x000000004021fae8      0x114 common/built-in.o
                0x000000004021fae8                fit_all_image_verify
 .text.fit_image_check_os
                0x000000004021fbfc       0x3c common/built-in.o
                0x000000004021fbfc                fit_image_check_os
 .text.fit_image_check_arch
                0x000000004021fc38       0x64 common/built-in.o
                0x000000004021fc38                fit_image_check_arch
 .text.fit_image_check_type
                0x000000004021fc9c       0x3c common/built-in.o
                0x000000004021fc9c                fit_image_check_type
 .text.fit_image_check_comp
                0x000000004021fcd8       0x3c common/built-in.o
                0x000000004021fcd8                fit_image_check_comp
 .text.fit_check_format
                0x000000004021fd14       0x54 common/built-in.o
                0x000000004021fd14                fit_check_format
 .text.fit_conf_get_node
                0x000000004021fd68       0x80 common/built-in.o
                0x000000004021fd68                fit_conf_get_node
 .text.fit_conf_get_prop_node
                0x000000004021fde8       0x3c common/built-in.o
                0x000000004021fde8                fit_conf_get_prop_node
 .text.fit_conf_print
                0x000000004021fe24      0x1c8 common/built-in.o
                0x000000004021fe24                fit_conf_print
 .text.fit_print_contents
                0x000000004021ffec      0x220 common/built-in.o
                0x000000004021ffec                fit_print_contents
 .text.fit_get_node_from_config
                0x000000004022020c       0x54 common/built-in.o
                0x000000004022020c                fit_get_node_from_config
 .text.fit_image_load
                0x0000000040220260      0x56c common/built-in.o
                0x0000000040220260                fit_image_load
 .text.boot_get_setup_fit
                0x00000000402207cc       0x78 common/built-in.o
                0x00000000402207cc                boot_get_setup_fit
 .text.get_effective_memsize
                0x0000000040220844        0x8 common/built-in.o
                0x0000000040220844                get_effective_memsize
 .text.nulldev_putc
                0x000000004022084c        0x4 common/built-in.o
 .text.nulldev_puts
                0x0000000040220850        0x4 common/built-in.o
 .text.nulldev_input
                0x0000000040220854        0x8 common/built-in.o
 .text.stdio_serial_tstc
                0x000000004022085c        0x4 common/built-in.o
 .text.stdio_serial_getc
                0x0000000040220860        0x4 common/built-in.o
 .text.stdio_serial_puts
                0x0000000040220864        0x8 common/built-in.o
 .text.stdio_serial_putc
                0x000000004022086c        0x8 common/built-in.o
 .text.stdio_get_list
                0x0000000040220874       0x10 common/built-in.o
                0x0000000040220874                stdio_get_list
 .text.stdio_get_by_name
                0x0000000040220884       0x6c common/built-in.o
                0x0000000040220884                stdio_get_by_name
 .text.stdio_clone
                0x00000000402208f0       0x4c common/built-in.o
                0x00000000402208f0                stdio_clone
 .text.stdio_register_dev
                0x000000004022093c       0x58 common/built-in.o
                0x000000004022093c                stdio_register_dev
 .text.stdio_register
                0x0000000040220994        0x8 common/built-in.o
                0x0000000040220994                stdio_register
 .text.stdio_init_tables
                0x000000004022099c       0x18 common/built-in.o
                0x000000004022099c                stdio_init_tables
 .text.stdio_add_devices
                0x00000000402209b4       0xd8 common/built-in.o
                0x00000000402209b4                stdio_add_devices
 .text.run_command
                0x0000000040220a8c       0x14 common/built-in.o
                0x0000000040220a8c                run_command
 .text.run_command_list
                0x0000000040220aa0       0x90 common/built-in.o
                0x0000000040220aa0                run_command_list
 .text.do_run   0x0000000040220b30       0x80 common/built-in.o
                0x0000000040220b30                do_run
 .text.cli_process_fdt
                0x0000000040220bb0       0x50 common/built-in.o
                0x0000000040220bb0                cli_process_fdt
 .text.cli_secure_boot_cmd
                0x0000000040220c00       0x74 common/built-in.o
                0x0000000040220c00                cli_secure_boot_cmd
 .text.cli_loop
                0x0000000040220c74       0x10 common/built-in.o
                0x0000000040220c74                cli_loop
 .text.cli_init
                0x0000000040220c84        0x4 common/built-in.o
                0x0000000040220c84                cli_init
 .text.delete_char.part.0
                0x0000000040220c88       0xfc common/built-in.o
 .text.cread_add_char
                0x0000000040220d84      0x100 common/built-in.o
 .text.cli_readline_into_buffer
                0x0000000040220e84      0x92c common/built-in.o
                0x0000000040220e84                cli_readline_into_buffer
 .text.cli_readline
                0x00000000402217b0       0x14 common/built-in.o
                0x00000000402217b0                cli_readline
 .text.find_cmd_tbl
                0x00000000402217c4       0xc0 common/built-in.o
                0x00000000402217c4                find_cmd_tbl
 .text.find_cmd
                0x0000000040221884       0x28 common/built-in.o
                0x0000000040221884                find_cmd
 .text.cmd_usage
                0x00000000402218ac       0x68 common/built-in.o
                0x00000000402218ac                cmd_usage
 .text._do_help
                0x0000000040221914      0x194 common/built-in.o
                0x0000000040221914                _do_help
 .text.var_complete
                0x0000000040221aa8       0x78 common/built-in.o
                0x0000000040221aa8                var_complete
 .text.cmd_auto_complete
                0x0000000040221b20      0x4a8 common/built-in.o
                0x0000000040221b20                cmd_auto_complete
 .text.cmd_get_data_size
                0x0000000040221fc8       0x6c common/built-in.o
                0x0000000040221fc8                cmd_get_data_size
 .text.cmd_process
                0x0000000040222034      0x10c common/built-in.o
                0x0000000040222034                cmd_process
 .text.cmd_process_error
                0x0000000040222140       0x38 common/built-in.o
                0x0000000040222140                cmd_process_error
 .text.hex1_bin
                0x0000000040222178       0x44 common/built-in.o
 .text.hex2_bin
                0x00000000402221bc       0x40 common/built-in.o
 .text.srec_decode
                0x00000000402221fc      0x228 common/built-in.o
                0x00000000402221fc                srec_decode
 .text.CYGACC_COMM_IF_GETC_TIMEOUT.isra.0
                0x0000000040222424       0x54 common/built-in.o
 .text.xyzModem_flush
                0x0000000040222478       0x1c common/built-in.o
 .text.xyzModem_get_hdr
                0x0000000040222494      0x21c common/built-in.o
 .text.xyzModem_stream_open
                0x00000000402226b0      0x260 common/built-in.o
                0x00000000402226b0                xyzModem_stream_open
 .text.xyzModem_stream_read
                0x0000000040222910      0x270 common/built-in.o
                0x0000000040222910                xyzModem_stream_read
 .text.xyzModem_stream_close
                0x0000000040222b80       0x3c common/built-in.o
                0x0000000040222b80                xyzModem_stream_close
 .text.xyzModem_stream_terminate
                0x0000000040222bbc       0xa4 common/built-in.o
                0x0000000040222bbc                xyzModem_stream_terminate
 .text.xyzModem_error
                0x0000000040222c60       0x28 common/built-in.o
                0x0000000040222c60                xyzModem_error
 .text.dev_print
                0x0000000040222c88      0x1c8 disk/built-in.o
                0x0000000040222c88                dev_print
 .text.part_init
                0x0000000040222e50       0x7c disk/built-in.o
                0x0000000040222e50                part_init
 .text.part_print
                0x0000000040222ecc       0x68 disk/built-in.o
                0x0000000040222ecc                part_print
 .text.part_get_info
                0x0000000040222f34       0x80 disk/built-in.o
                0x0000000040222f34                part_get_info
 .text.blk_get_device_by_str
                0x0000000040222fb4      0x15c disk/built-in.o
                0x0000000040222fb4                blk_get_device_by_str
 .text.blk_get_device_part_str
                0x0000000040223110      0x39c disk/built-in.o
                0x0000000040223110                blk_get_device_part_str
 .text.part_set_generic_name
                0x00000000402234ac       0x48 disk/built-in.o
                0x00000000402234ac                part_set_generic_name
 .text.test_block_type
                0x00000000402234f4       0x90 disk/built-in.o
 .text.print_partition_extended
                0x0000000040223584      0x24c disk/built-in.o
 .text.part_print_dos
                0x00000000402237d0       0x3c disk/built-in.o
                0x00000000402237d0                part_print_dos
 .text.part_test_dos
                0x000000004022380c       0x6c disk/built-in.o
 .text.part_get_info_extended.constprop.1
                0x0000000040223878      0x268 disk/built-in.o
 .text.part_get_info_dos
                0x0000000040223ae0       0x18 disk/built-in.o
                0x0000000040223ae0                part_get_info_dos
 .text.device_bind_common.isra.0
                0x0000000040223af8      0x324 drivers/built-in.o
 .text.alloc_priv
                0x0000000040223e1c       0x58 drivers/built-in.o
 .text.device_bind_with_driver_data
                0x0000000040223e74       0x14 drivers/built-in.o
                0x0000000040223e74                device_bind_with_driver_data
 .text.device_bind
                0x0000000040223e88       0x10 drivers/built-in.o
                0x0000000040223e88                device_bind
 .text.device_bind_by_name
                0x0000000040223e98       0x7c drivers/built-in.o
                0x0000000040223e98                device_bind_by_name
 .text.device_probe
                0x0000000040223f14      0x24c drivers/built-in.o
                0x0000000040223f14                device_probe
 .text.dev_get_platdata
                0x0000000040224160       0x34 drivers/built-in.o
                0x0000000040224160                dev_get_platdata
 .text.dev_get_parent_platdata
                0x0000000040224194       0x34 drivers/built-in.o
                0x0000000040224194                dev_get_parent_platdata
 .text.dev_get_uclass_platdata
                0x00000000402241c8       0x34 drivers/built-in.o
                0x00000000402241c8                dev_get_uclass_platdata
 .text.dev_get_priv
                0x00000000402241fc       0x34 drivers/built-in.o
                0x00000000402241fc                dev_get_priv
 .text.dev_get_uclass_priv
                0x0000000040224230       0x34 drivers/built-in.o
                0x0000000040224230                dev_get_uclass_priv
 .text.device_find_first_child
                0x0000000040224264       0x20 drivers/built-in.o
                0x0000000040224264                device_find_first_child
 .text.device_find_next_child
                0x0000000040224284       0x28 drivers/built-in.o
                0x0000000040224284                device_find_next_child
 .text.dev_get_parent
                0x00000000402242ac        0x8 drivers/built-in.o
                0x00000000402242ac                dev_get_parent
 .text.dev_get_driver_data
                0x00000000402242b4        0x8 drivers/built-in.o
                0x00000000402242b4                dev_get_driver_data
 .text.dev_get_driver_ops
                0x00000000402242bc       0x18 drivers/built-in.o
                0x00000000402242bc                dev_get_driver_ops
 .text.dev_get_uclass_name
                0x00000000402242d4       0x1c drivers/built-in.o
                0x00000000402242d4                dev_get_uclass_name
 .text.dev_get_addr_index
                0x00000000402242f0       0xc4 drivers/built-in.o
                0x00000000402242f0                dev_get_addr_index
 .text.dev_get_addr
                0x00000000402243b4        0x8 drivers/built-in.o
                0x00000000402243b4                dev_get_addr
 .text.lists_driver_lookup_name
                0x00000000402243bc       0x78 drivers/built-in.o
                0x00000000402243bc                lists_driver_lookup_name
 .text.lists_uclass_lookup
                0x0000000040224434       0x48 drivers/built-in.o
                0x0000000040224434                lists_uclass_lookup
 .text.lists_bind_drivers
                0x000000004022447c       0xb0 drivers/built-in.o
                0x000000004022447c                lists_bind_drivers
 .text.device_bind_driver_to_node
                0x000000004022452c       0x68 drivers/built-in.o
                0x000000004022452c                device_bind_driver_to_node
 .text.device_bind_driver
                0x0000000040224594        0xc drivers/built-in.o
                0x0000000040224594                device_bind_driver
 .text.lists_bind_fdt
                0x00000000402245a0      0x190 drivers/built-in.o
                0x00000000402245a0                lists_bind_fdt
 .text.dm_root  0x0000000040224730       0x30 drivers/built-in.o
                0x0000000040224730                dm_root
 .text.dm_get_translation_offset
                0x0000000040224760       0x1c drivers/built-in.o
                0x0000000040224760                dm_get_translation_offset
 .text.dm_init  0x000000004022477c       0x60 drivers/built-in.o