image-fit.c:681:12:fit_image_get_address	48	static
image-fit.c:77:5:fit_parse_conf	48	static
image-fit.c:103:5:fit_parse_subimage	48	static
image-fit.c:126:5:fit_get_subimage_count	64	static
image-fit.c:473:5:fit_get_desc	48	static
image-fit.c:501:5:fit_get_timestamp	48	static
image-fit.c:533:5:fit_image_get_node	32	static
image-fit.c:567:5:fit_image_get_os	48	static
image-fit.c:599:5:fit_image_get_arch	48	static
image-fit.c:631:5:fit_image_get_type	48	static
image-fit.c:663:5:fit_image_get_comp	48	static
image-fit.c:722:5:fit_image_get_load	0	static
image-fit.c:744:5:fit_image_get_entry	0	static
image-fit.c:764:5:fit_image_get_data	48	static
image-fit.c:791:5:fit_image_get_data_offset	32	static
image-fit.c:815:5:fit_image_get_data_position	32	static
image-fit.c:839:5:fit_image_get_data_size	32	static
image-fit.c:865:5:fit_image_hash_get_algo	48	static
image-fit.c:893:5:fit_image_hash_get_value	48	static
image-fit.c:937:7:fit_get_end	0	static
image-fit.c:955:5:fit_set_timestamp	32	static
image-fit.c:991:5:calculate_hash	0	static
image-fit.c:1078:5:fit_image_verify	112	static
image-fit.c:1160:5:fit_all_image_verify	80	static
image-fit.c:1212:5:fit_image_check_os	48	static
image-fit.c:1234:5:fit_image_check_arch	48	static
image-fit.c:1264:5:fit_image_check_type	48	static
image-fit.c:1287:5:fit_image_check_comp	48	static
image-fit.c:1307:5:fit_check_format	32	static
image-fit.c:1372:5:fit_conf_find_compat	128	static
image-fit.c:1477:5:fit_conf_get_node	64	static
image-fit.c:1511:5:fit_conf_get_prop_node	48	static
image-fit.c:1537:6:fit_conf_print	96	static
image-fit.c:1602:5:fit_get_node_from_config	32	static
image-fit.c:1660:5:fit_image_load	160	static
image-fit.c:1881:5:boot_get_setup_fit	80	static
