API_General.c:63:6:cdn_api_init	0	static
API_General.c:68:16:cdn_api_loadfirmware	64	static
API_General.c:89:16:cdn_api_general_test_echo	48	static
API_General.c:117:16:cdn_api_general_test_echo_blocking	32	static
API_General.c:123:16:cdn_api_general_test_echo_ext	64	static
API_General.c:172:16:cdn_api_general_test_echo_ext_blocking	48	static
API_General.c:182:16:cdn_api_general_getcurversion	48	static
API_General.c:199:16:cdn_api_get_event	48	static
API_General.c:224:16:cdn_api_get_debug_reg_val	48	static
API_General.c:244:16:cdn_api_checkalive	32	static
API_General.c:256:16:cdn_api_checkalive_blocking	16	static
API_General.c:261:16:cdn_api_maincontrol	48	static
API_General.c:279:16:cdn_api_maincontrol_blocking	32	static
API_General.c:285:16:cdn_api_apbconf	112	static
API_General.c:343:16:cdn_api_apbconf_blocking	96	static
API_General.c:360:16:cdn_api_setclock	0	static
API_General.c:365:16:cdn_api_general_read_register	48	static
API_General.c:389:1:cdn_api_general_read_register_blocking	32	static
API_General.c:395:16:cdn_api_general_write_register	48	static
API_General.c:411:16:cdn_api_general_write_register_blocking	32	static
API_General.c:417:16:cdn_api_general_write_field	96	static
API_General.c:435:16:cdn_api_general_write_field_blocking	48	static
API_General.c:444:16:cdn_api_general_phy_test_access	48	static
API_General.c:474:16:cdn_api_general_phy_test_access_blocking	32	static
