ext4_common.c:50:26:ext4fs_get_group_descriptor	0	static
ext4_common.c:110:10:ext4fs_sb_get_free_blocks	0	static
ext4_common.c:117:6:ext4fs_sb_set_free_blocks	0	static
ext4_common.c:123:10:ext4fs_bg_get_free_blocks	0	static
ext4_common.c:154:10:ext4fs_bg_get_block_id	0	static
ext4_common.c:164:10:ext4fs_bg_get_inode_id	0	static
ext4_common.c:175:10:ext4fs_bg_get_inode_table_id	0	static
ext4_common.c:186:10:ext4fs_div_roundup	0	static
ext4_common.c:195:6:put_ext4	80	dynamic
ext4_common.c:306:5:ext4fs_set_block_bmap	0	static
ext4_common.c:342:6:ext4fs_reset_block_bmap	0	static
ext4_common.c:372:5:ext4fs_set_inode_bmap	0	static
ext4_common.c:397:6:ext4fs_reset_inode_bmap	0	static
ext4_common.c:418:10:ext4fs_checksum_update	64	static
ext4_common.c:945:10:ext4fs_get_new_blk_no	96	static
ext4_common.c:1074:5:ext4fs_get_new_inode_no	112	static
ext4_common.c:1480:6:ext4fs_allocate_blocks	128	static
ext4_common.c:1573:5:ext4fs_read_inode	144	static
ext4_common.c:728:5:ext4fs_iget	16	static
ext4_common.c:1604:10:read_allocated_block	112	static
ext4_common.c:470:5:ext4fs_update_parent_dentry	144	static
ext4_common.c:625:12:search_dir	96	static
ext4_common.c:744:5:ext4fs_get_parent_inode_num	240	static
ext4_common.c:922:5:ext4fs_filename_unlink	112	static
ext4_common.c:1959:6:ext4fs_reinit_global	32	static
ext4_common.c:1980:6:ext4fs_close	32	static
ext4_common.c:1994:5:ext4fs_iterate_dir	128	dynamic
ext4_common.c:2161:12:ext4fs_find_file1	128	dynamic
ext4_common.c:2261:5:ext4fs_find_file	48	static
ext4_common.c:2285:5:ext4fs_open	64	static
ext4_common.c:2315:5:ext4fs_mount	48	static
