mmc.c:1447:12:mmc_set_vdd	0	static
mmc.c:1457:12:mmc_card_busy	0	static
mmc.c:1467:12:mmc_set_ios	0	static
mmc.c:860:12:mmc_set_capacity	64	static
mmc.c:208:12:mmc_select_mode	0	static
mmc.c:62:12:board_mmc_getwp	0	static
mmc.c:67:5:mmc_getwp	32	static
mmc.c:83:12:board_mmc_getcd	0	static
mmc.c:157:13:mmc_mode_name	0	static
mmc.c:219:5:mmc_send_cmd	0	static
mmc.c:717:12:mmc_send_ext_csd	80	static
mmc.c:1635:12:mmc_read_and_compare_ext_csd	608	static
mmc.c:468:12:mmc_go_idle	64	static
mmc.c:628:12:mmc_send_op_cond_iter	64	static
mmc.c:230:5:mmc_execute_tuning	0	static
mmc.c:236:5:mmc_send_status	80	static
mmc.c:280:5:mmc_set_blocklen	64	static
mmc.c:331:5:mmc_send_tuning	112	dynamic
mmc.c:414:7:mmc_bread	160	static
mmc.c:738:5:mmc_switch	64	static
mmc.c:767:12:mmc_set_card_speed	608	static
mmc.c:936:5:mmc_hwpart_config	704	static
mmc.c:1131:5:mmc_getcd	32	static
mmc.c:1317:5:sd_select_bus_width	80	static
mmc.c:1478:5:mmc_set_clock	0	static
mmc.c:1790:12:mmc_select_mode_and_width	112	static
mmc.c:912:5:mmc_switch_part	48	static
mmc.c:1499:6:mmc_dump_capabilities	64	static
mmc.c:2297:13:board_mmc_power_init	0	static
mmc.c:2366:5:mmc_start_init	160	static
mmc.c:2462:5:mmc_init	528	static
mmc.c:2487:5:mmc_set_dsr	0	static
mmc.c:2494:12:cpu_mmc_init	0	static
mmc.c:2500:12:board_mmc_init	0	static
mmc.c:2505:6:mmc_set_preinit	0	static
mmc.c:2554:5:mmc_initialize	48	static
