fdtdec.c:636:20:get_prop_check_min_len	48	static
fdtdec.c:71:13:fdtdec_get_compatible	0	static
fdtdec.c:303:10:fdtdec_get_uint64	48	static
fdtdec.c:316:5:fdtdec_get_is_enabled	16	static
fdtdec.c:333:20:fdtdec_lookup	64	static
fdtdec.c:345:5:fdtdec_next_compatible	0	static
fdtdec.c:351:5:fdtdec_next_compatible_subnode	48	static
fdtdec.c:366:5:fdtdec_next_alias	96	static
fdtdec.c:397:5:fdtdec_add_aliases_for_id	128	dynamic
fdtdec.c:388:5:fdtdec_find_aliases_for_id	64	static
fdtdec.c:511:5:fdtdec_get_alias_seq	96	static
fdtdec.c:553:13:fdtdec_get_chosen_prop	32	static
fdtdec.c:563:5:fdtdec_get_chosen_node	32	static
fdtdec.c:590:5:fdtdec_prepare_fdt	16	static
fdtdec.c:573:5:fdtdec_check_fdt	16	static
fdtdec.c:611:5:fdtdec_lookup_phandle	32	static
fdtdec.c:653:5:fdtdec_get_int_array	48	static
fdtdec.c:1085:12:decode_timing_property	64	static
fdtdec.c:669:5:fdtdec_get_int_array_count	48	static
fdtdec.c:689:12:fdtdec_locate_array	32	static
fdtdec.c:700:5:fdtdec_get_bool	32	static
fdtdec.c:710:5:fdtdec_parse_phandle_with_args	112	static
fdtdec.c:834:5:fdtdec_get_child_count	32	static
fdtdec.c:845:5:fdtdec_get_byte_array	48	static
fdtdec.c:857:11:fdtdec_locate_byte_array	32	static
fdtdec.c:869:5:fdtdec_get_config_int	48	static
fdtdec.c:881:5:fdtdec_get_config_bool	32	static
fdtdec.c:895:7:fdtdec_get_config_string	48	static
fdtdec.c:913:5:fdtdec_decode_region	48	static
fdtdec.c:944:5:fdtdec_read_fmap_entry	64	static
fdtdec.c:967:5:fdtdec_get_number	0	static
fdtdec.c:78:12:fdtdec_get_addr_size_fixed	96	static
fdtdec.c:133:12:fdtdec_get_addr_size_auto_parent	80	static
fdtdec.c:159:12:fdtdec_get_addr_size_auto_noparent	64	static
fdtdec.c:177:12:fdtdec_get_addr_size	0	static
fdtdec.c:187:12:fdtdec_get_addr	0	static
fdtdec.c:977:5:fdt_get_resource	96	static
fdtdec.c:1011:5:fdt_get_named_resource	48	static
fdtdec.c:1024:5:fdtdec_decode_memory_region	160	static
fdtdec.c:1109:5:fdtdec_decode_display_timing	64	static
fdtdec.c:1177:5:fdtdec_setup_memory_size	32	static
fdtdec.c:1201:5:fdtdec_setup_memory_banksize	32	static
fdtdec.c:1233:5:fdtdec_setup	16	static
