gadget.c:580:12:dwc3_gadget_ep0_enable	0	static
gadget.c:586:12:dwc3_gadget_ep0_disable	0	static
gadget.c:1249:12:dwc3_gadget_get_frame	0	static
gadget.c:1338:12:dwc3_gadget_set_selfpowered	0	static
gadget.c:1924:13:dwc3_suspend_gadget	0	static
gadget.c:672:28:dwc3_gadget_ep_alloc_request	32	static
gadget.c:1574:12:dwc3_gadget_init_hw_endpoints	96	static
gadget.c:688:13:dwc3_gadget_ep_free_request	0	static
gadget.c:1647:13:dwc3_gadget_free_endpoints	48	static
gadget.c:2039:13:dwc3_gadget_disconnect_interrupt	32	static
gadget.c:1405:12:dwc3_gadget_pullup	48	static
gadget.c:787:13:dwc3_prepare_trbs	32	static
gadget.c:42:5:dwc3_gadget_set_test_mode	0	static
gadget.c:73:5:dwc3_gadget_get_link_state	0	static
gadget.c:90:5:dwc3_gadget_set_link_state	48	static
gadget.c:1258:12:dwc3_gadget_wakeup	48	static
gadget.c:163:5:dwc3_gadget_resize_tx_fifos	0	static
gadget.c:226:6:dwc3_gadget_giveback	48	static
gadget.c:267:5:dwc3_send_gadget_generic_command	32	static
gadget.c:294:5:dwc3_send_gadget_ep_cmd	48	static
gadget.c:852:12:__dwc3_gadget_kick_transfer	80	static
gadget.c:1953:13:dwc3_stop_active_transfer.constprop	64	static
gadget.c:1061:12:dwc3_gadget_ep_queue	48	static
gadget.c:1796:13:dwc3_endpoint_transfer_complete	80	static
gadget.c:1097:12:dwc3_gadget_ep_dequeue	32	static
gadget.c:524:13:dwc3_remove_requests	32	static
gadget.c:2058:13:dwc3_gadget_reset_interrupt	64	static
gadget.c:466:12:__dwc3_gadget_ep_enable.constprop	80	static
gadget.c:593:12:dwc3_gadget_ep_enable	48	static
gadget.c:1142:5:__dwc3_gadget_ep_set_halt	64	static
gadget.c:554:12:__dwc3_gadget_ep_disable	32	static
gadget.c:1545:12:dwc3_gadget_stop	32	static
gadget.c:1444:12:dwc3_gadget_start	64	static
gadget.c:642:12:dwc3_gadget_ep_disable	32	static
gadget.c:1199:12:dwc3_gadget_ep_set_wedge	0	static
gadget.c:1184:12:dwc3_gadget_ep_set_halt	0	static
gadget.c:2558:5:dwc3_gadget_init	32	static
gadget.c:2640:6:dwc3_gadget_exit	32	static
gadget.c:2663:6:dwc3_gadget_uboot_handle_interrupt	128	static
