fdt_support.c:1024:12:of_bus_default_map	0	static
fdt_support.c:1554:12:fdt_read_prop	0	static
fdt_support.c:1041:12:of_bus_default_translate	64	static
fdt_support.c:1007:6:of_bus_default_count_cells	48	static
fdt_support.c:33:5:fdt_getprop_u32_default_node	48	static
fdt_support.c:63:5:fdt_getprop_u32_default	48	static
fdt_support.c:87:5:fdt_find_and_setprop	64	static
fdt_support.c:111:5:fdt_find_or_add_subnode	48	static
fdt_support.c:189:5:fdt_root	32	static
fdt_support.c:215:5:fdt_initrd	96	static
fdt_support.c:275:5:fdt_chosen	48	static
fdt_support.c:306:6:do_fixup_by_path	32	static
fdt_support.c:322:6:do_fixup_by_path_u32	32	static
fdt_support.c:329:6:do_fixup_by_prop	96	static
fdt_support.c:350:6:do_fixup_by_prop_u32	32	static
fdt_support.c:358:6:do_fixup_by_compat	80	static
fdt_support.c:377:6:do_fixup_by_compat_u32	32	static
fdt_support.c:418:5:fdt_fixup_memory_banks	96	static
fdt_support.c:465:5:fdt_fixup_memory	32	static
fdt_support.c:470:6:fdt_fixup_ethernet	144	static
fdt_support.c:528:5:fdt_shrink_to_minimum	64	static
fdt_support.c:719:5:fdt_increase_size	0	static
fdt_support.c:933:6:fdt_del_node_and_alias	32	static
fdt_support.c:1285:5:fdt_translate_address	176	static
fdt_support.c:1300:5:fdt_node_offset_by_compat_reg	80	static
fdt_support.c:1321:5:fdt_alloc_phandle	48	static
fdt_support.c:1341:5:fdt_set_phandle	64	static
fdt_support.c:1380:14:fdt_create_phandle	48	static
fdt_support.c:1410:5:fdt_set_node_status	64	static
fdt_support.c:1451:5:fdt_set_status_by_alias	48	static
fdt_support.c:1460:5:fdt_add_edid	64	static
fdt_support.c:1497:5:fdt_verify_alias_address	80	static
fdt_support.c:1538:5:fdt_get_base_address	64	static
fdt_support.c:1590:5:fdt_read_range	112	static
fdt_support.c:1658:5:fdt_setup_simplefb_node	144	static
fdt_support.c:1711:5:fdt_fixup_display	80	static
