regulator-uclass.c:196:13:regulator_show	48	static
regulator-uclass.c:308:12:regulator_pre_probe	32	static
regulator-uclass.c:278:12:regulator_post_bind	64	static
regulator-uclass.c:17:5:regulator_mode	32	static
regulator-uclass.c:31:5:regulator_get_value	32	static
regulator-uclass.c:41:5:regulator_set_value	48	static
regulator-uclass.c:62:5:regulator_set_value_force	32	static
regulator-uclass.c:72:5:regulator_get_current	32	static
regulator-uclass.c:82:5:regulator_set_current	48	static
regulator-uclass.c:99:6:regulator_get_enable	32	static
regulator-uclass.c:109:5:regulator_set_enable	32	static
regulator-uclass.c:119:5:regulator_get_mode	32	static
regulator-uclass.c:129:5:regulator_set_mode	32	static
regulator-uclass.c:139:5:regulator_get_by_platname	48	static
regulator-uclass.c:164:5:regulator_get_by_devname	0	static
regulator-uclass.c:169:5:device_get_supply_regulator	0	static
regulator-uclass.c:176:5:regulator_autoset	32	static
regulator-uclass.c:213:5:regulator_autoset_by_name	48	static
regulator-uclass.c:229:5:regulator_list_autoset	80	static
regulator-uclass.c:346:5:regulators_enable_boot_on	48	static
