efi_boottime.c:320:12:efi_search.isra.0.part.1	48	static
efi_boottime.c:53:6:efi_save_gd	0	static
efi_boottime.c:61:6:efi_restore_gd	0	static
efi_boottime.c:694:20:efi_set_mem	16	static
efi_boottime.c:687:20:efi_copy_mem	16	static
efi_boottime.c:483:28:efi_exit	48	static
efi_boottime.c:107:21:efi_allocate_pages_ext	16	static
efi_boottime.c:118:21:efi_free_pages_ext	16	static
efi_boottime.c:127:21:efi_get_memory_map_ext	16	static
efi_boottime.c:678:28:efi_calculate_crc32	32	static
efi_boottime.c:671:28:efi_uninstall_multiple_protocol_interfaces	16	static
efi_boottime.c:664:28:efi_install_multiple_protocol_interfaces	16	static
efi_boottime.c:646:28:efi_locate_protocol	32	static
efi_boottime.c:629:28:efi_locate_handle_buffer	16	static
efi_boottime.c:600:28:efi_close_protocol	16	static
efi_boottime.c:700:28:efi_open_protocol	112	static
efi_boottime.c:737:28:efi_handle_protocol	0	static
efi_boottime.c:591:28:efi_disconnect_controller	16	static
efi_boottime.c:580:28:efi_connect_controller	16	static
efi_boottime.c:570:28:efi_set_watchdog_timer	16	static
efi_boottime.c:563:28:efi_stall	16	static
efi_boottime.c:555:28:efi_get_next_monotonic_count	16	static
efi_boottime.c:536:28:efi_exit_boot_services	16	static
efi_boottime.c:512:28:efi_unload_image	16	static
efi_boottime.c:459:28:efi_start_image	96	static
efi_boottime.c:420:28:efi_load_image	64	static
efi_boottime.c:343:28:efi_locate_handle	80	static
efi_boottime.c:312:28:efi_register_protocol_notify	16	static
efi_boottime.c:305:28:efi_uninstall_protocol_interface	16	static
efi_boottime.c:296:28:efi_reinstall_protocol_interface	16	static
efi_boottime.c:288:28:efi_install_protocol_interface	16	static
efi_boottime.c:282:28:efi_check_event	16	static
efi_boottime.c:275:28:efi_close_event	16	static
efi_boottime.c:269:28:efi_signal_event	16	static
efi_boottime.c:219:28:efi_set_timer	64	static
efi_boottime.c:179:28:efi_create_event	16	static
efi_boottime.c:153:28:efi_free_pool_ext	16	static
efi_boottime.c:142:28:efi_allocate_pool_ext	16	static
efi_boottime.c:101:20:efi_restore_tpl	16	static
efi_boottime.c:95:29:efi_raise_tpl	16	static
efi_boottime.c:610:28:efi_open_protocol_information	16	static
efi_boottime.c:620:28:efi_protocols_per_handle	16	static
efi_boottime.c:381:28:efi_locate_device_path	16	static
efi_boottime.c:75:14:efi_exit_func	0	static
efi_boottime.c:205:6:efi_timer_check	16	static
efi_boottime.c:255:28:efi_wait_for_event	16	static
efi_boottime.c:389:14:efi_install_configuration_table	80	static
efi_boottime.c:413:28:efi_install_configuration_table_ext	16	static
