device.c:559:24:_device_find_global_by_of_offset	48	static
device.c:33:12:device_bind_common.isra.0	112	static
device.c:255:14:alloc_priv	32	static
device.c:219:5:device_bind_with_driver_data	0	static
device.c:228:5:device_bind	0	static
device.c:236:5:device_bind_by_name	48	static
device.c:270:5:device_probe	48	static
device.c:406:7:dev_get_platdata	16	static
device.c:416:7:dev_get_parent_platdata	16	static
device.c:426:7:dev_get_uclass_platdata	16	static
device.c:436:7:dev_get_priv	16	static
device.c:446:7:dev_get_uclass_priv	16	static
device.c:456:7:dev_get_parent_priv	16	static
device.c:481:5:device_get_child	32	static
device.c:493:5:device_find_child_by_seq	0	static
device.c:513:5:device_get_child_by_seq	48	static
device.c:531:5:device_find_child_by_of_offset	0	static
device.c:548:5:device_get_child_by_of_offset	48	static
device.c:576:5:device_get_global_by_of_offset	32	static
device.c:584:5:device_find_first_child	0	static
device.c:596:5:device_find_next_child	0	static
device.c:611:17:dev_get_parent	0	static
device.c:616:7:dev_get_driver_data	0	static
device.c:621:13:dev_get_driver_ops	0	static
device.c:629:16:device_get_uclass_id	0	static
device.c:634:13:dev_get_uclass_name	0	static
device.c:642:12:dev_get_addr_index	64	static
device.c:709:12:dev_get_addr_size_index	32	static
device.c:731:12:dev_get_addr_name	32	static
device.c:747:12:dev_get_addr	0	static
device.c:752:7:dev_get_addr_ptr	0	static
device.c:757:7:dev_map_physmem	16	static
device.c:767:6:device_has_children	0	static
device.c:772:6:device_has_active_children	32	static
device.c:786:6:device_is_last_sibling	0	static
device.c:795:6:device_set_name_alloced	0	static
device.c:800:5:device_set_name	32	static
device.c:811:6:of_device_is_compatible	16	static
device.c:818:6:of_machine_is_compatible	16	static
